Archive member included because of file (symbol)

c:/program files (x86)/atmel/atmel studio 6.0/extensions/atmel/avrgcc/3.4.1.95/avrtoolchain/bin/../lib/gcc/avr/4.6.2/avr51\libgcc.a(_divmodhi4.o)
                              adc.o (__divmodhi4)
c:/program files (x86)/atmel/atmel studio 6.0/extensions/atmel/avrgcc/3.4.1.95/avrtoolchain/bin/../lib/gcc/avr/4.6.2/avr51\libgcc.a(_exit.o)
                              c:/program files (x86)/atmel/atmel studio 6.0/extensions/atmel/avrgcc/3.4.1.95/avrtoolchain/bin/../lib/gcc/avr/4.6.2/../../../../avr/lib/avr51/crtusb1286.o (exit)
c:/program files (x86)/atmel/atmel studio 6.0/extensions/atmel/avrgcc/3.4.1.95/avrtoolchain/bin/../lib/gcc/avr/4.6.2/avr51\libgcc.a(_copy_data.o)
                              adc.o (__do_copy_data)
c:/program files (x86)/atmel/atmel studio 6.0/extensions/atmel/avrgcc/3.4.1.95/avrtoolchain/bin/../lib/gcc/avr/4.6.2/avr51\libgcc.a(_clear_bss.o)
                              adc.o (__do_clear_bss)
c:/program files (x86)/atmel/atmel studio 6.0/extensions/atmel/avrgcc/3.4.1.95/avrtoolchain/bin/../lib/gcc/avr/4.6.2/avr51\libgcc.a(_udivmodhi4.o)
                              c:/program files (x86)/atmel/atmel studio 6.0/extensions/atmel/avrgcc/3.4.1.95/avrtoolchain/bin/../lib/gcc/avr/4.6.2/avr51\libgcc.a(_divmodhi4.o) (__udivmodhi4)

Allocating common symbols
Common symbol       size              file

ringBottom          0x2               ringbuffer.o
currentState        0x2               stepper.o
steps               0x2               stepper.o
currentRefl         0x2               ringbuffer.o
ringTop             0x2               ringbuffer.o
ringBuf             0x140             ringbuffer.o
hallLow             0x1               stepper.o
ADC_is_running      0x1               adc.o
currentMetal        0x2               ringbuffer.o

Memory Configuration

Name             Origin             Length             Attributes
text             0x00000000         0x00020000         xr
data             0x00800100         0x0000ff00         rw !x
eeprom           0x00810000         0x00010000         rw !x
fuse             0x00820000         0x00000400         rw !x
lock             0x00830000         0x00000400         rw !x
signature        0x00840000         0x00000400         rw !x
*default*        0x00000000         0xffffffff

Linker script and memory map

Address of section .data set to 0x800100
LOAD c:/program files (x86)/atmel/atmel studio 6.0/extensions/atmel/avrgcc/3.4.1.95/avrtoolchain/bin/../lib/gcc/avr/4.6.2/../../../../avr/lib/avr51/crtusb1286.o
LOAD adc.o
LOAD dcmotor.o
LOAD interrupts.o
LOAD ConveyerBelt.o
LOAD ringbuffer.o
LOAD SevenSegmentDisplay.o
LOAD stepper.o
LOAD timer.o
START GROUP
LOAD c:/program files (x86)/atmel/atmel studio 6.0/extensions/atmel/avrgcc/3.4.1.95/avrtoolchain/bin/../lib/gcc/avr/4.6.2/../../../../avr/lib/avr51\libm.a
END GROUP
LOAD c:/program files (x86)/atmel/atmel studio 6.0/extensions/atmel/avrgcc/3.4.1.95/avrtoolchain/bin/../lib/gcc/avr/4.6.2/avr51\libgcc.a
LOAD c:/program files (x86)/atmel/atmel studio 6.0/extensions/atmel/avrgcc/3.4.1.95/avrtoolchain/bin/../lib/gcc/avr/4.6.2/../../../../avr/lib/avr51\libc.a
LOAD c:/program files (x86)/atmel/atmel studio 6.0/extensions/atmel/avrgcc/3.4.1.95/avrtoolchain/bin/../lib/gcc/avr/4.6.2/avr51\libgcc.a

.hash
 *(.hash)

.dynsym
 *(.dynsym)

.dynstr
 *(.dynstr)

.gnu.version
 *(.gnu.version)

.gnu.version_d
 *(.gnu.version_d)

.gnu.version_r
 *(.gnu.version_r)

.rel.init
 *(.rel.init)

.rela.init
 *(.rela.init)

.rel.text
 *(.rel.text)
 *(.rel.text.*)
 *(.rel.gnu.linkonce.t*)

.rela.text
 *(.rela.text)
 *(.rela.text.*)
 *(.rela.gnu.linkonce.t*)

.rel.fini
 *(.rel.fini)

.rela.fini
 *(.rela.fini)

.rel.rodata
 *(.rel.rodata)
 *(.rel.rodata.*)
 *(.rel.gnu.linkonce.r*)

.rela.rodata
 *(.rela.rodata)
 *(.rela.rodata.*)
 *(.rela.gnu.linkonce.r*)

.rel.data
 *(.rel.data)
 *(.rel.data.*)
 *(.rel.gnu.linkonce.d*)

.rela.data
 *(.rela.data)
 *(.rela.data.*)
 *(.rela.gnu.linkonce.d*)

.rel.ctors
 *(.rel.ctors)

.rela.ctors
 *(.rela.ctors)

.rel.dtors
 *(.rel.dtors)

.rela.dtors
 *(.rela.dtors)

.rel.got
 *(.rel.got)

.rela.got
 *(.rela.got)

.rel.bss
 *(.rel.bss)

.rela.bss
 *(.rela.bss)

.rel.plt
 *(.rel.plt)

.rela.plt
 *(.rela.plt)

.text           0x00000000      0x9b8
 *(.vectors)
 .vectors       0x00000000       0x98 c:/program files (x86)/atmel/atmel studio 6.0/extensions/atmel/avrgcc/3.4.1.95/avrtoolchain/bin/../lib/gcc/avr/4.6.2/../../../../avr/lib/avr51/crtusb1286.o
                0x00000000                __vector_default
                0x00000000                __vectors
 *(.vectors)
 *(.progmem.gcc*)
 *(.progmem*)
                0x00000098                . = ALIGN (0x2)
                0x00000098                __trampolines_start = .
 *(.trampolines)
 .trampolines   0x00000098        0x0 linker stubs
 *(.trampolines*)
                0x00000098                __trampolines_end = .
 *(.jumptables)
 *(.jumptables*)
 *(.lowtext)
 *(.lowtext*)
                0x00000098                __ctors_start = .
 *(.ctors)
                0x00000098                __ctors_end = .
                0x00000098                __dtors_start = .
 *(.dtors)
                0x00000098                __dtors_end = .
 SORT(*)(.ctors)
 SORT(*)(.dtors)
 *(.init0)
 .init0         0x00000098        0x0 c:/program files (x86)/atmel/atmel studio 6.0/extensions/atmel/avrgcc/3.4.1.95/avrtoolchain/bin/../lib/gcc/avr/4.6.2/../../../../avr/lib/avr51/crtusb1286.o
                0x00000098                __init
 *(.init0)
 *(.init1)
 *(.init1)
 *(.init2)
 .init2         0x00000098        0xc c:/program files (x86)/atmel/atmel studio 6.0/extensions/atmel/avrgcc/3.4.1.95/avrtoolchain/bin/../lib/gcc/avr/4.6.2/../../../../avr/lib/avr51/crtusb1286.o
 *(.init2)
 *(.init3)
 *(.init3)
 *(.init4)
 .init4         0x000000a4       0x1c c:/program files (x86)/atmel/atmel studio 6.0/extensions/atmel/avrgcc/3.4.1.95/avrtoolchain/bin/../lib/gcc/avr/4.6.2/avr51\libgcc.a(_copy_data.o)
                0x000000a4                __do_copy_data
 .init4         0x000000c0       0x10 c:/program files (x86)/atmel/atmel studio 6.0/extensions/atmel/avrgcc/3.4.1.95/avrtoolchain/bin/../lib/gcc/avr/4.6.2/avr51\libgcc.a(_clear_bss.o)
                0x000000c0                __do_clear_bss
 *(.init4)
 *(.init5)
 *(.init5)
 *(.init6)
 *(.init6)
 *(.init7)
 *(.init7)
 *(.init8)
 *(.init8)
 *(.init9)
 .init9         0x000000d0        0x8 c:/program files (x86)/atmel/atmel studio 6.0/extensions/atmel/avrgcc/3.4.1.95/avrtoolchain/bin/../lib/gcc/avr/4.6.2/../../../../avr/lib/avr51/crtusb1286.o
 *(.init9)
 *(.text)
 .text          0x000000d8        0x4 c:/program files (x86)/atmel/atmel studio 6.0/extensions/atmel/avrgcc/3.4.1.95/avrtoolchain/bin/../lib/gcc/avr/4.6.2/../../../../avr/lib/avr51/crtusb1286.o
                0x000000d8                __vector_22
                0x000000d8                __vector_28
                0x000000d8                __vector_32
                0x000000d8                __vector_34
                0x000000d8                __vector_24
                0x000000d8                __vector_12
                0x000000d8                __bad_interrupt
                0x000000d8                __vector_31
                0x000000d8                __vector_35
                0x000000d8                __vector_23
                0x000000d8                __vector_30
                0x000000d8                __vector_25
                0x000000d8                __vector_11
                0x000000d8                __vector_13
                0x000000d8                __vector_17
                0x000000d8                __vector_19
                0x000000d8                __vector_27
                0x000000d8                __vector_33
                0x000000d8                __vector_37
                0x000000d8                __vector_9
                0x000000d8                __vector_21
                0x000000d8                __vector_15
                0x000000d8                __vector_36
                0x000000d8                __vector_8
                0x000000d8                __vector_26
                0x000000d8                __vector_14
                0x000000d8                __vector_10
                0x000000d8                __vector_16
                0x000000d8                __vector_18
                0x000000d8                __vector_20
 .text          0x000000dc      0x11e adc.o
                0x000000dc                setupADC
                0x00000106                startADC
                0x0000011a                stopADC
                0x0000012a                updateAverage
                0x0000019a                __vector_29
 .text          0x000001fa       0x40 dcmotor.o
                0x000001fa                setupMotor
                0x00000216                setMotorSpeed
                0x0000021a                setMotorFwd
                0x00000224                setMotorRev
                0x0000022e                setMotorCoast
 .text          0x0000023a      0x38c interrupts.o
                0x0000023a                vectorInterrupts
                0x000002b8                makeDecision
                0x00000306                firstLaserHandler
                0x00000314                metalHandler
                0x00000336                secondLaserHandler
                0x00000366                exitHandler
                0x00000368                __vector_1
                0x000003c0                __vector_2
                0x00000418                __vector_3
                0x00000470                __vector_4
                0x000004c4                __vector_5
                0x0000051e                __vector_6
                0x00000572                __vector_7
 .text          0x000005c6       0x4e ConveyerBelt.o
                0x000005c6                main
 .text          0x00000614       0x9a ringbuffer.o
                0x00000614                initRingBuf
                0x00000636                getBufOffset
                0x00000650                popBuf
                0x00000678                newRingBufItem
 .text          0x000006ae      0x15e SevenSegmentDisplay.o
                0x000006ae                getPatFomHex
                0x0000073a                writePattern
                0x00000772                writeDecInt
                0x000007b4                writeHexInt
 .text          0x0000080c      0x10c stepper.o
                0x0000080c                initalizeStepper
                0x00000826                stepTime
                0x000008c2                stepperMoveTo
 .text          0x00000918       0x4e timer.o
                0x00000918                initializeTimer
                0x00000924                delaynms
 .text          0x00000966        0x0 c:/program files (x86)/atmel/atmel studio 6.0/extensions/atmel/avrgcc/3.4.1.95/avrtoolchain/bin/../lib/gcc/avr/4.6.2/avr51\libgcc.a(_divmodhi4.o)
 .text          0x00000966        0x0 c:/program files (x86)/atmel/atmel studio 6.0/extensions/atmel/avrgcc/3.4.1.95/avrtoolchain/bin/../lib/gcc/avr/4.6.2/avr51\libgcc.a(_exit.o)
 .text          0x00000966        0x0 c:/program files (x86)/atmel/atmel studio 6.0/extensions/atmel/avrgcc/3.4.1.95/avrtoolchain/bin/../lib/gcc/avr/4.6.2/avr51\libgcc.a(_copy_data.o)
 .text          0x00000966        0x0 c:/program files (x86)/atmel/atmel studio 6.0/extensions/atmel/avrgcc/3.4.1.95/avrtoolchain/bin/../lib/gcc/avr/4.6.2/avr51\libgcc.a(_clear_bss.o)
 .text          0x00000966        0x0 c:/program files (x86)/atmel/atmel studio 6.0/extensions/atmel/avrgcc/3.4.1.95/avrtoolchain/bin/../lib/gcc/avr/4.6.2/avr51\libgcc.a(_udivmodhi4.o)
                0x00000966                . = ALIGN (0x2)
 *(.text.*)
 .text.libgcc   0x00000966       0x26 c:/program files (x86)/atmel/atmel studio 6.0/extensions/atmel/avrgcc/3.4.1.95/avrtoolchain/bin/../lib/gcc/avr/4.6.2/avr51\libgcc.a(_divmodhi4.o)
                0x00000966                _div
                0x00000966                __divmodhi4
 .text.libgcc   0x0000098c        0x0 c:/program files (x86)/atmel/atmel studio 6.0/extensions/atmel/avrgcc/3.4.1.95/avrtoolchain/bin/../lib/gcc/avr/4.6.2/avr51\libgcc.a(_exit.o)
 .text.libgcc   0x0000098c        0x0 c:/program files (x86)/atmel/atmel studio 6.0/extensions/atmel/avrgcc/3.4.1.95/avrtoolchain/bin/../lib/gcc/avr/4.6.2/avr51\libgcc.a(_copy_data.o)
 .text.libgcc   0x0000098c        0x0 c:/program files (x86)/atmel/atmel studio 6.0/extensions/atmel/avrgcc/3.4.1.95/avrtoolchain/bin/../lib/gcc/avr/4.6.2/avr51\libgcc.a(_clear_bss.o)
 .text.libgcc   0x0000098c       0x28 c:/program files (x86)/atmel/atmel studio 6.0/extensions/atmel/avrgcc/3.4.1.95/avrtoolchain/bin/../lib/gcc/avr/4.6.2/avr51\libgcc.a(_udivmodhi4.o)
                0x0000098c                __udivmodhi4
                0x000009b4                . = ALIGN (0x2)
 *(.fini9)
 .fini9         0x000009b4        0x0 c:/program files (x86)/atmel/atmel studio 6.0/extensions/atmel/avrgcc/3.4.1.95/avrtoolchain/bin/../lib/gcc/avr/4.6.2/avr51\libgcc.a(_exit.o)
                0x000009b4                _exit
                0x000009b4                exit
 *(.fini9)
 *(.fini8)
 *(.fini8)
 *(.fini7)
 *(.fini7)
 *(.fini6)
 *(.fini6)
 *(.fini5)
 *(.fini5)
 *(.fini4)
 *(.fini4)
 *(.fini3)
 *(.fini3)
 *(.fini2)
 *(.fini2)
 *(.fini1)
 *(.fini1)
 *(.fini0)
 .fini0         0x000009b4        0x4 c:/program files (x86)/atmel/atmel studio 6.0/extensions/atmel/avrgcc/3.4.1.95/avrtoolchain/bin/../lib/gcc/avr/4.6.2/avr51\libgcc.a(_exit.o)
 *(.fini0)
                0x000009b8                _etext = .

.data           0x00800100        0x4 load address 0x000009b8
                0x00800100                PROVIDE (__data_start, .)
 *(.data)
 .data          0x00800100        0x0 c:/program files (x86)/atmel/atmel studio 6.0/extensions/atmel/avrgcc/3.4.1.95/avrtoolchain/bin/../lib/gcc/avr/4.6.2/../../../../avr/lib/avr51/crtusb1286.o
 .data          0x00800100        0x0 adc.o
 .data          0x00800100        0x0 dcmotor.o
 .data          0x00800100        0x0 interrupts.o
 .data          0x00800100        0x0 ConveyerBelt.o
 .data          0x00800100        0x0 ringbuffer.o
 .data          0x00800100        0x0 SevenSegmentDisplay.o
 .data          0x00800100        0x4 stepper.o
                0x00800100                states
 .data          0x00800104        0x0 timer.o
 .data          0x00800104        0x0 c:/program files (x86)/atmel/atmel studio 6.0/extensions/atmel/avrgcc/3.4.1.95/avrtoolchain/bin/../lib/gcc/avr/4.6.2/avr51\libgcc.a(_divmodhi4.o)
 .data          0x00800104        0x0 c:/program files (x86)/atmel/atmel studio 6.0/extensions/atmel/avrgcc/3.4.1.95/avrtoolchain/bin/../lib/gcc/avr/4.6.2/avr51\libgcc.a(_exit.o)
 .data          0x00800104        0x0 c:/program files (x86)/atmel/atmel studio 6.0/extensions/atmel/avrgcc/3.4.1.95/avrtoolchain/bin/../lib/gcc/avr/4.6.2/avr51\libgcc.a(_copy_data.o)
 .data          0x00800104        0x0 c:/program files (x86)/atmel/atmel studio 6.0/extensions/atmel/avrgcc/3.4.1.95/avrtoolchain/bin/../lib/gcc/avr/4.6.2/avr51\libgcc.a(_clear_bss.o)
 .data          0x00800104        0x0 c:/program files (x86)/atmel/atmel studio 6.0/extensions/atmel/avrgcc/3.4.1.95/avrtoolchain/bin/../lib/gcc/avr/4.6.2/avr51\libgcc.a(_udivmodhi4.o)
 *(.data*)
 *(.rodata)
 *(.rodata*)
 *(.gnu.linkonce.d*)
                0x00800104                . = ALIGN (0x2)
                0x00800104                _edata = .
                0x00800104                PROVIDE (__data_end, .)

.bss            0x00800104      0x14e
                0x00800104                PROVIDE (__bss_start, .)
 *(.bss)
 .bss           0x00800104        0x0 c:/program files (x86)/atmel/atmel studio 6.0/extensions/atmel/avrgcc/3.4.1.95/avrtoolchain/bin/../lib/gcc/avr/4.6.2/../../../../avr/lib/avr51/crtusb1286.o
 .bss           0x00800104        0x0 adc.o
 .bss           0x00800104        0x0 dcmotor.o
 .bss           0x00800104        0x0 interrupts.o
 .bss           0x00800104        0x0 ConveyerBelt.o
 .bss           0x00800104        0x0 ringbuffer.o
 .bss           0x00800104        0x0 SevenSegmentDisplay.o
 .bss           0x00800104        0x0 stepper.o
 .bss           0x00800104        0x0 timer.o
 .bss           0x00800104        0x0 c:/program files (x86)/atmel/atmel studio 6.0/extensions/atmel/avrgcc/3.4.1.95/avrtoolchain/bin/../lib/gcc/avr/4.6.2/avr51\libgcc.a(_divmodhi4.o)
 .bss           0x00800104        0x0 c:/program files (x86)/atmel/atmel studio 6.0/extensions/atmel/avrgcc/3.4.1.95/avrtoolchain/bin/../lib/gcc/avr/4.6.2/avr51\libgcc.a(_exit.o)
 .bss           0x00800104        0x0 c:/program files (x86)/atmel/atmel studio 6.0/extensions/atmel/avrgcc/3.4.1.95/avrtoolchain/bin/../lib/gcc/avr/4.6.2/avr51\libgcc.a(_copy_data.o)
 .bss           0x00800104        0x0 c:/program files (x86)/atmel/atmel studio 6.0/extensions/atmel/avrgcc/3.4.1.95/avrtoolchain/bin/../lib/gcc/avr/4.6.2/avr51\libgcc.a(_clear_bss.o)
 .bss           0x00800104        0x0 c:/program files (x86)/atmel/atmel studio 6.0/extensions/atmel/avrgcc/3.4.1.95/avrtoolchain/bin/../lib/gcc/avr/4.6.2/avr51\libgcc.a(_udivmodhi4.o)
 *(.bss*)
 *(COMMON)
 COMMON         0x00800104        0x1 adc.o
                0x00800104                ADC_is_running
 COMMON         0x00800105      0x148 ringbuffer.o
                0x00800105                ringBottom
                0x00800107                currentRefl
                0x00800109                ringTop
                0x0080010b                ringBuf
                0x0080024b                currentMetal
 COMMON         0x0080024d        0x5 stepper.o
                0x0080024d                currentState
                0x0080024f                steps
                0x00800251                hallLow
                0x00800252                PROVIDE (__bss_end, .)
                0x000009b8                __data_load_start = LOADADDR (.data)
                0x000009bc                __data_load_end = (__data_load_start + SIZEOF (.data))

.noinit         0x00800252        0x0
                0x00800252                PROVIDE (__noinit_start, .)
 *(.noinit*)
                0x00800252                PROVIDE (__noinit_end, .)
                0x00800252                _end = .
                0x00800252                PROVIDE (__heap_start, .)

.eeprom         0x00810000        0x0
 *(.eeprom*)
                0x00810000                __eeprom_end = .

.fuse
 *(.fuse)
 *(.lfuse)
 *(.hfuse)
 *(.efuse)

.lock
 *(.lock*)

.signature
 *(.signature*)

.stab           0x00000000      0x6cc
 *(.stab)
 .stab          0x00000000      0x6cc c:/program files (x86)/atmel/atmel studio 6.0/extensions/atmel/avrgcc/3.4.1.95/avrtoolchain/bin/../lib/gcc/avr/4.6.2/../../../../avr/lib/avr51/crtusb1286.o

.stabstr        0x00000000       0x85
 *(.stabstr)
 .stabstr       0x00000000       0x85 c:/program files (x86)/atmel/atmel studio 6.0/extensions/atmel/avrgcc/3.4.1.95/avrtoolchain/bin/../lib/gcc/avr/4.6.2/../../../../avr/lib/avr51/crtusb1286.o

.stab.excl
 *(.stab.excl)

.stab.exclstr
 *(.stab.exclstr)

.stab.index
 *(.stab.index)

.stab.indexstr
 *(.stab.indexstr)

.comment
 *(.comment)

.debug
 *(.debug)

.line
 *(.line)

.debug_srcinfo
 *(.debug_srcinfo)

.debug_sfnames
 *(.debug_sfnames)

.debug_aranges  0x00000000      0x1a0
 *(.debug_aranges)
 .debug_aranges
                0x00000000       0x20 adc.o
 .debug_aranges
                0x00000020       0x20 dcmotor.o
 .debug_aranges
                0x00000040       0x20 interrupts.o
 .debug_aranges
                0x00000060       0x20 ConveyerBelt.o
 .debug_aranges
                0x00000080       0x20 ringbuffer.o
 .debug_aranges
                0x000000a0       0x20 SevenSegmentDisplay.o
 .debug_aranges
                0x000000c0       0x20 stepper.o
 .debug_aranges
                0x000000e0       0x20 timer.o
 .debug_aranges
                0x00000100       0x20 c:/program files (x86)/atmel/atmel studio 6.0/extensions/atmel/avrgcc/3.4.1.95/avrtoolchain/bin/../lib/gcc/avr/4.6.2/avr51\libgcc.a(_divmodhi4.o)
 .debug_aranges
                0x00000120       0x20 c:/program files (x86)/atmel/atmel studio 6.0/extensions/atmel/avrgcc/3.4.1.95/avrtoolchain/bin/../lib/gcc/avr/4.6.2/avr51\libgcc.a(_exit.o)
 .debug_aranges
                0x00000140       0x20 c:/program files (x86)/atmel/atmel studio 6.0/extensions/atmel/avrgcc/3.4.1.95/avrtoolchain/bin/../lib/gcc/avr/4.6.2/avr51\libgcc.a(_copy_data.o)
 .debug_aranges
                0x00000160       0x20 c:/program files (x86)/atmel/atmel studio 6.0/extensions/atmel/avrgcc/3.4.1.95/avrtoolchain/bin/../lib/gcc/avr/4.6.2/avr51\libgcc.a(_clear_bss.o)
 .debug_aranges
                0x00000180       0x20 c:/program files (x86)/atmel/atmel studio 6.0/extensions/atmel/avrgcc/3.4.1.95/avrtoolchain/bin/../lib/gcc/avr/4.6.2/avr51\libgcc.a(_udivmodhi4.o)

.debug_pubnames
 *(.debug_pubnames)

.debug_info     0x00000000     0x1063
 *(.debug_info)
 .debug_info    0x00000000      0x1de adc.o
 .debug_info    0x000001de       0xe7 dcmotor.o
 .debug_info    0x000002c5      0x2b3 interrupts.o
 .debug_info    0x00000578       0xbd ConveyerBelt.o
 .debug_info    0x00000635      0x1e7 ringbuffer.o
 .debug_info    0x0000081c      0x16c SevenSegmentDisplay.o
 .debug_info    0x00000988      0x1c3 stepper.o
 .debug_info    0x00000b4b       0xc2 timer.o
 .debug_info    0x00000c0d       0xde c:/program files (x86)/atmel/atmel studio 6.0/extensions/atmel/avrgcc/3.4.1.95/avrtoolchain/bin/../lib/gcc/avr/4.6.2/avr51\libgcc.a(_divmodhi4.o)
 .debug_info    0x00000ceb       0xde c:/program files (x86)/atmel/atmel studio 6.0/extensions/atmel/avrgcc/3.4.1.95/avrtoolchain/bin/../lib/gcc/avr/4.6.2/avr51\libgcc.a(_exit.o)
 .debug_info    0x00000dc9       0xde c:/program files (x86)/atmel/atmel studio 6.0/extensions/atmel/avrgcc/3.4.1.95/avrtoolchain/bin/../lib/gcc/avr/4.6.2/avr51\libgcc.a(_copy_data.o)
 .debug_info    0x00000ea7       0xde c:/program files (x86)/atmel/atmel studio 6.0/extensions/atmel/avrgcc/3.4.1.95/avrtoolchain/bin/../lib/gcc/avr/4.6.2/avr51\libgcc.a(_clear_bss.o)
 .debug_info    0x00000f85       0xde c:/program files (x86)/atmel/atmel studio 6.0/extensions/atmel/avrgcc/3.4.1.95/avrtoolchain/bin/../lib/gcc/avr/4.6.2/avr51\libgcc.a(_udivmodhi4.o)
 *(.gnu.linkonce.wi.*)

.debug_abbrev   0x00000000      0x65e
 *(.debug_abbrev)
 .debug_abbrev  0x00000000       0xfc adc.o
 .debug_abbrev  0x000000fc       0x70 dcmotor.o
 .debug_abbrev  0x0000016c       0xeb interrupts.o
 .debug_abbrev  0x00000257       0x5f ConveyerBelt.o
 .debug_abbrev  0x000002b6       0xfe ringbuffer.o
 .debug_abbrev  0x000003b4       0xd6 SevenSegmentDisplay.o
 .debug_abbrev  0x0000048a       0xea stepper.o
 .debug_abbrev  0x00000574       0x86 timer.o
 .debug_abbrev  0x000005fa       0x14 c:/program files (x86)/atmel/atmel studio 6.0/extensions/atmel/avrgcc/3.4.1.95/avrtoolchain/bin/../lib/gcc/avr/4.6.2/avr51\libgcc.a(_divmodhi4.o)
 .debug_abbrev  0x0000060e       0x14 c:/program files (x86)/atmel/atmel studio 6.0/extensions/atmel/avrgcc/3.4.1.95/avrtoolchain/bin/../lib/gcc/avr/4.6.2/avr51\libgcc.a(_exit.o)
 .debug_abbrev  0x00000622       0x14 c:/program files (x86)/atmel/atmel studio 6.0/extensions/atmel/avrgcc/3.4.1.95/avrtoolchain/bin/../lib/gcc/avr/4.6.2/avr51\libgcc.a(_copy_data.o)
 .debug_abbrev  0x00000636       0x14 c:/program files (x86)/atmel/atmel studio 6.0/extensions/atmel/avrgcc/3.4.1.95/avrtoolchain/bin/../lib/gcc/avr/4.6.2/avr51\libgcc.a(_clear_bss.o)
 .debug_abbrev  0x0000064a       0x14 c:/program files (x86)/atmel/atmel studio 6.0/extensions/atmel/avrgcc/3.4.1.95/avrtoolchain/bin/../lib/gcc/avr/4.6.2/avr51\libgcc.a(_udivmodhi4.o)

.debug_line     0x00000000      0xabf
 *(.debug_line)
 .debug_line    0x00000000      0x108 adc.o
 .debug_line    0x00000108       0xe6 dcmotor.o
 .debug_line    0x000001ee      0x14d interrupts.o
 .debug_line    0x0000033b       0xf3 ConveyerBelt.o
 .debug_line    0x0000042e       0x69 ringbuffer.o
 .debug_line    0x00000497      0x149 SevenSegmentDisplay.o
 .debug_line    0x000005e0      0x11f stepper.o
 .debug_line    0x000006ff       0xe1 timer.o
 .debug_line    0x000007e0       0x99 c:/program files (x86)/atmel/atmel studio 6.0/extensions/atmel/avrgcc/3.4.1.95/avrtoolchain/bin/../lib/gcc/avr/4.6.2/avr51\libgcc.a(_divmodhi4.o)
 .debug_line    0x00000879       0x88 c:/program files (x86)/atmel/atmel studio 6.0/extensions/atmel/avrgcc/3.4.1.95/avrtoolchain/bin/../lib/gcc/avr/4.6.2/avr51\libgcc.a(_exit.o)
 .debug_line    0x00000901       0x96 c:/program files (x86)/atmel/atmel studio 6.0/extensions/atmel/avrgcc/3.4.1.95/avrtoolchain/bin/../lib/gcc/avr/4.6.2/avr51\libgcc.a(_copy_data.o)
 .debug_line    0x00000997       0x8e c:/program files (x86)/atmel/atmel studio 6.0/extensions/atmel/avrgcc/3.4.1.95/avrtoolchain/bin/../lib/gcc/avr/4.6.2/avr51\libgcc.a(_clear_bss.o)
 .debug_line    0x00000a25       0x9a c:/program files (x86)/atmel/atmel studio 6.0/extensions/atmel/avrgcc/3.4.1.95/avrtoolchain/bin/../lib/gcc/avr/4.6.2/avr51\libgcc.a(_udivmodhi4.o)

.debug_frame    0x00000000      0x594
 *(.debug_frame)
 .debug_frame   0x00000000       0xac adc.o
 .debug_frame   0x000000ac       0x64 dcmotor.o
 .debug_frame   0x00000110      0x2dc interrupts.o
 .debug_frame   0x000003ec       0x24 ConveyerBelt.o
 .debug_frame   0x00000410       0x54 ringbuffer.o
 .debug_frame   0x00000464       0x94 SevenSegmentDisplay.o
 .debug_frame   0x000004f8       0x68 stepper.o
 .debug_frame   0x00000560       0x34 timer.o

.debug_str      0x00000000      0x41c
 *(.debug_str)
 .debug_str     0x00000000      0x13b adc.o
                                0x174 (size before relaxing)
 .debug_str     0x0000013b       0x54 dcmotor.o
                                0x10a (size before relaxing)
 .debug_str     0x0000018f       0xd6 interrupts.o
                                0x202 (size before relaxing)
 .debug_str     0x00000265       0x1f ConveyerBelt.o
                                 0xdd (size before relaxing)
 .debug_str     0x00000284       0x5b ringbuffer.o
                                0x124 (size before relaxing)
 .debug_str     0x000002df       0x9e SevenSegmentDisplay.o
                                0x11e (size before relaxing)
 .debug_str     0x0000037d       0x70 stepper.o
                                0x134 (size before relaxing)
 .debug_str     0x000003ed       0x2f timer.o
                                 0xe4 (size before relaxing)

.debug_loc      0x00000000      0xac4
 *(.debug_loc)
 .debug_loc     0x00000000      0x10b adc.o
 .debug_loc     0x0000010b      0x5bb interrupts.o
 .debug_loc     0x000006c6       0x18 ringbuffer.o
 .debug_loc     0x000006de      0x285 SevenSegmentDisplay.o
 .debug_loc     0x00000963      0x115 stepper.o
 .debug_loc     0x00000a78       0x4c timer.o

.debug_macinfo
 *(.debug_macinfo)
OUTPUT(ConveyerBelt.elf elf32-avr)
LOAD linker stubs
