Archive member included because of file (symbol)

c:/program files (x86)/atmel/atmel studio 6.0/extensions/atmel/avrgcc/3.4.1.95/avrtoolchain/bin/../lib/gcc/avr/4.6.2/avr51\libgcc.a(_divmodhi4.o)
                              SevenSegmentDisplay.o (__divmodhi4)
c:/program files (x86)/atmel/atmel studio 6.0/extensions/atmel/avrgcc/3.4.1.95/avrtoolchain/bin/../lib/gcc/avr/4.6.2/avr51\libgcc.a(_exit.o)
                              c:/program files (x86)/atmel/atmel studio 6.0/extensions/atmel/avrgcc/3.4.1.95/avrtoolchain/bin/../lib/gcc/avr/4.6.2/../../../../avr/lib/avr51/crtusb1286.o (exit)
c:/program files (x86)/atmel/atmel studio 6.0/extensions/atmel/avrgcc/3.4.1.95/avrtoolchain/bin/../lib/gcc/avr/4.6.2/avr51\libgcc.a(_copy_data.o)
                              adc.o (__do_copy_data)
c:/program files (x86)/atmel/atmel studio 6.0/extensions/atmel/avrgcc/3.4.1.95/avrtoolchain/bin/../lib/gcc/avr/4.6.2/avr51\libgcc.a(_clear_bss.o)
                              adc.o (__do_clear_bss)
c:/program files (x86)/atmel/atmel studio 6.0/extensions/atmel/avrgcc/3.4.1.95/avrtoolchain/bin/../lib/gcc/avr/4.6.2/avr51\libgcc.a(_udivmodhi4.o)
                              c:/program files (x86)/atmel/atmel studio 6.0/extensions/atmel/avrgcc/3.4.1.95/avrtoolchain/bin/../lib/gcc/avr/4.6.2/avr51\libgcc.a(_divmodhi4.o) (__udivmodhi4)

Allocating common symbols
Common symbol       size              file

inPause             0x1               ringbuffer.o
ringBottom          0x2               ringbuffer.o
currentState        0x2               stepper.o
steps               0x2               stepper.o
metalTop            0x2               metalqueue.o
metalBottom         0x2               metalqueue.o
currentRefl         0x2               ringbuffer.o
metalCount          0x2               metalqueue.o
ringTop             0x2               ringbuffer.o
ringBuf             0x3c              ringbuffer.o
steelSorted         0x2               ringbuffer.o
aluminumSorted      0x2               ringbuffer.o
pausedMotorState    0x1               dcmotor.o
motorWaitForStepper
                    0x1               dcmotor.o
Ignore_ADC_samples  0x1               adc.o
shutdown            0x1               ringbuffer.o
metalQueue          0x50              metalqueue.o
hallLow             0x1               stepper.o
pausedForUndef      0x1               dcmotor.o
blackSorted         0x2               ringbuffer.o
whiteSorted         0x2               ringbuffer.o
bufLength           0x2               ringbuffer.o
motorState          0x1               dcmotor.o
ADC_is_running      0x1               adc.o
totalSorted         0x2               ringbuffer.o
currentMetal        0x2               ringbuffer.o

Memory Configuration

Name             Origin             Length             Attributes
text             0x00000000         0x00020000         xr
data             0x00800100         0x0000ff00         rw !x
eeprom           0x00810000         0x00010000         rw !x
fuse             0x00820000         0x00000400         rw !x
lock             0x00830000         0x00000400         rw !x
signature        0x00840000         0x00000400         rw !x
*default*        0x00000000         0xffffffff

Linker script and memory map

Address of section .data set to 0x800100
LOAD c:/program files (x86)/atmel/atmel studio 6.0/extensions/atmel/avrgcc/3.4.1.95/avrtoolchain/bin/../lib/gcc/avr/4.6.2/../../../../avr/lib/avr51/crtusb1286.o
LOAD adc.o
LOAD dcmotor.o
LOAD interrupts.o
LOAD ConveyerBelt.o
LOAD metalqueue.o
LOAD ringbuffer.o
LOAD SevenSegmentDisplay.o
LOAD stepper.o
LOAD timer.o
START GROUP
LOAD c:/program files (x86)/atmel/atmel studio 6.0/extensions/atmel/avrgcc/3.4.1.95/avrtoolchain/bin/../lib/gcc/avr/4.6.2/../../../../avr/lib/avr51\libm.a
END GROUP
LOAD c:/program files (x86)/atmel/atmel studio 6.0/extensions/atmel/avrgcc/3.4.1.95/avrtoolchain/bin/../lib/gcc/avr/4.6.2/avr51\libgcc.a
LOAD c:/program files (x86)/atmel/atmel studio 6.0/extensions/atmel/avrgcc/3.4.1.95/avrtoolchain/bin/../lib/gcc/avr/4.6.2/../../../../avr/lib/avr51\libc.a
LOAD c:/program files (x86)/atmel/atmel studio 6.0/extensions/atmel/avrgcc/3.4.1.95/avrtoolchain/bin/../lib/gcc/avr/4.6.2/avr51\libgcc.a

.hash
 *(.hash)

.dynsym
 *(.dynsym)

.dynstr
 *(.dynstr)

.gnu.version
 *(.gnu.version)

.gnu.version_d
 *(.gnu.version_d)

.gnu.version_r
 *(.gnu.version_r)

.rel.init
 *(.rel.init)

.rela.init
 *(.rela.init)

.rel.text
 *(.rel.text)
 *(.rel.text.*)
 *(.rel.gnu.linkonce.t*)

.rela.text
 *(.rela.text)
 *(.rela.text.*)
 *(.rela.gnu.linkonce.t*)

.rel.fini
 *(.rel.fini)

.rela.fini
 *(.rela.fini)

.rel.rodata
 *(.rel.rodata)
 *(.rel.rodata.*)
 *(.rel.gnu.linkonce.r*)

.rela.rodata
 *(.rela.rodata)
 *(.rela.rodata.*)
 *(.rela.gnu.linkonce.r*)

.rel.data
 *(.rel.data)
 *(.rel.data.*)
 *(.rel.gnu.linkonce.d*)

.rela.data
 *(.rela.data)
 *(.rela.data.*)
 *(.rela.gnu.linkonce.d*)

.rel.ctors
 *(.rel.ctors)

.rela.ctors
 *(.rela.ctors)

.rel.dtors
 *(.rel.dtors)

.rela.dtors
 *(.rela.dtors)

.rel.got
 *(.rel.got)

.rela.got
 *(.rela.got)

.rel.bss
 *(.rel.bss)

.rela.bss
 *(.rela.bss)

.rel.plt
 *(.rel.plt)

.rela.plt
 *(.rela.plt)

.text           0x00000000     0x127c
 *(.vectors)
 .vectors       0x00000000       0x98 c:/program files (x86)/atmel/atmel studio 6.0/extensions/atmel/avrgcc/3.4.1.95/avrtoolchain/bin/../lib/gcc/avr/4.6.2/../../../../avr/lib/avr51/crtusb1286.o
                0x00000000                __vector_default
                0x00000000                __vectors
 *(.vectors)
 *(.progmem.gcc*)
 *(.progmem*)
                0x00000098                . = ALIGN (0x2)
                0x00000098                __trampolines_start = .
 *(.trampolines)
 .trampolines   0x00000098        0x0 linker stubs
 *(.trampolines*)
                0x00000098                __trampolines_end = .
 *(.jumptables)
 *(.jumptables*)
 *(.lowtext)
 *(.lowtext*)
                0x00000098                __ctors_start = .
 *(.ctors)
                0x00000098                __ctors_end = .
                0x00000098                __dtors_start = .
 *(.dtors)
                0x00000098                __dtors_end = .
 SORT(*)(.ctors)
 SORT(*)(.dtors)
 *(.init0)
 .init0         0x00000098        0x0 c:/program files (x86)/atmel/atmel studio 6.0/extensions/atmel/avrgcc/3.4.1.95/avrtoolchain/bin/../lib/gcc/avr/4.6.2/../../../../avr/lib/avr51/crtusb1286.o
                0x00000098                __init
 *(.init0)
 *(.init1)
 *(.init1)
 *(.init2)
 .init2         0x00000098        0xc c:/program files (x86)/atmel/atmel studio 6.0/extensions/atmel/avrgcc/3.4.1.95/avrtoolchain/bin/../lib/gcc/avr/4.6.2/../../../../avr/lib/avr51/crtusb1286.o
 *(.init2)
 *(.init3)
 *(.init3)
 *(.init4)
 .init4         0x000000a4       0x1c c:/program files (x86)/atmel/atmel studio 6.0/extensions/atmel/avrgcc/3.4.1.95/avrtoolchain/bin/../lib/gcc/avr/4.6.2/avr51\libgcc.a(_copy_data.o)
                0x000000a4                __do_copy_data
 .init4         0x000000c0       0x10 c:/program files (x86)/atmel/atmel studio 6.0/extensions/atmel/avrgcc/3.4.1.95/avrtoolchain/bin/../lib/gcc/avr/4.6.2/avr51\libgcc.a(_clear_bss.o)
                0x000000c0                __do_clear_bss
 *(.init4)
 *(.init5)
 *(.init5)
 *(.init6)
 *(.init6)
 *(.init7)
 *(.init7)
 *(.init8)
 *(.init8)
 *(.init9)
 .init9         0x000000d0        0x8 c:/program files (x86)/atmel/atmel studio 6.0/extensions/atmel/avrgcc/3.4.1.95/avrtoolchain/bin/../lib/gcc/avr/4.6.2/../../../../avr/lib/avr51/crtusb1286.o
 *(.init9)
 *(.text)
 .text          0x000000d8        0x4 c:/program files (x86)/atmel/atmel studio 6.0/extensions/atmel/avrgcc/3.4.1.95/avrtoolchain/bin/../lib/gcc/avr/4.6.2/../../../../avr/lib/avr51/crtusb1286.o
                0x000000d8                __vector_22
                0x000000d8                __vector_28
                0x000000d8                __vector_32
                0x000000d8                __vector_34
                0x000000d8                __vector_24
                0x000000d8                __vector_12
                0x000000d8                __bad_interrupt
                0x000000d8                __vector_31
                0x000000d8                __vector_35
                0x000000d8                __vector_23
                0x000000d8                __vector_30
                0x000000d8                __vector_25
                0x000000d8                __vector_11
                0x000000d8                __vector_13
                0x000000d8                __vector_17
                0x000000d8                __vector_19
                0x000000d8                __vector_27
                0x000000d8                __vector_33
                0x000000d8                __vector_37
                0x000000d8                __vector_9
                0x000000d8                __vector_21
                0x000000d8                __vector_15
                0x000000d8                __vector_36
                0x000000d8                __vector_8
                0x000000d8                __vector_26
                0x000000d8                __vector_14
                0x000000d8                __vector_10
                0x000000d8                __vector_16
                0x000000d8                __vector_18
                0x000000d8                __vector_20
 .text          0x000000dc      0x144 adc.o
                0x000000dc                setupADC
                0x0000010a                startADC
                0x0000011e                stopADC
                0x0000012e                updateMinimum
                0x000001be                __vector_29
 .text          0x00000220       0x6e dcmotor.o
                0x00000220                setupMotor
                0x0000024e                setMotorSpeed
                0x00000252                setMotorFwd
                0x00000262                setMotorRev
                0x00000272                setMotorBrake
                0x0000027e                setMotorCoast
 .text          0x0000028e      0x650 interrupts.o
                0x0000028e                pausedHandler
                0x000002ec                vectorInterrupts
                0x0000036a                makeDecision
                0x000003fe                firstLaserHandler
                0x0000042e                metalHandler
                0x00000458                secondLaserHandler
                0x000004ce                exitHandler
                0x00000642                shutdownHandler
                0x0000065e                __vector_1
                0x000006ba                __vector_2
                0x00000716                __vector_3
                0x00000766                __vector_4
                0x000007c2                __vector_5
                0x00000820                __vector_6
                0x00000882                __vector_7
 .text          0x000008de      0x1a6 ConveyerBelt.o
                0x000008de                main
 .text          0x00000a84      0x100 metalqueue.o
                0x00000a84                initMetalQueue
                0x00000aa6                getMetalOffset
                0x00000abc                popMetal
                0x00000b14                newMetal
 .text          0x00000b84      0x136 ringbuffer.o
                0x00000b84                initRingBuf
                0x00000be2                getBufOffset
                0x00000bf8                popBuf
                0x00000c40                newRingBufItem
 .text          0x00000cba      0x31c SevenSegmentDisplay.o
                0x00000cba                getPatFomHex
                0x00000d46                writePattern
                0x00000d7e                writeError
                0x00000dd4                writeTotal
                0x00000e1c                writeAluminum
                0x00000e64                writeSteel
                0x00000eac                writeBlack
                0x00000ef4                writeWhite
                0x00000f3c                writeDecInt
                0x00000f7e                writeHexInt
 .text          0x00000fd6      0x206 stepper.o
                0x00000fd6                initalizeStepper
                0x00000ffe                stepTime
                0x000010e0                forwardSteps
                0x0000111a                reverseSteps
                0x00001154                stepperMoveTo
 .text          0x000011dc       0x4e timer.o
                0x000011dc                initializeTimer
                0x000011e8                delaynms
 .text          0x0000122a        0x0 c:/program files (x86)/atmel/atmel studio 6.0/extensions/atmel/avrgcc/3.4.1.95/avrtoolchain/bin/../lib/gcc/avr/4.6.2/avr51\libgcc.a(_divmodhi4.o)
 .text          0x0000122a        0x0 c:/program files (x86)/atmel/atmel studio 6.0/extensions/atmel/avrgcc/3.4.1.95/avrtoolchain/bin/../lib/gcc/avr/4.6.2/avr51\libgcc.a(_exit.o)
 .text          0x0000122a        0x0 c:/program files (x86)/atmel/atmel studio 6.0/extensions/atmel/avrgcc/3.4.1.95/avrtoolchain/bin/../lib/gcc/avr/4.6.2/avr51\libgcc.a(_copy_data.o)
 .text          0x0000122a        0x0 c:/program files (x86)/atmel/atmel studio 6.0/extensions/atmel/avrgcc/3.4.1.95/avrtoolchain/bin/../lib/gcc/avr/4.6.2/avr51\libgcc.a(_clear_bss.o)
 .text          0x0000122a        0x0 c:/program files (x86)/atmel/atmel studio 6.0/extensions/atmel/avrgcc/3.4.1.95/avrtoolchain/bin/../lib/gcc/avr/4.6.2/avr51\libgcc.a(_udivmodhi4.o)
                0x0000122a                . = ALIGN (0x2)
 *(.text.*)
 .text.libgcc   0x0000122a       0x26 c:/program files (x86)/atmel/atmel studio 6.0/extensions/atmel/avrgcc/3.4.1.95/avrtoolchain/bin/../lib/gcc/avr/4.6.2/avr51\libgcc.a(_divmodhi4.o)
                0x0000122a                _div
                0x0000122a                __divmodhi4
 .text.libgcc   0x00001250        0x0 c:/program files (x86)/atmel/atmel studio 6.0/extensions/atmel/avrgcc/3.4.1.95/avrtoolchain/bin/../lib/gcc/avr/4.6.2/avr51\libgcc.a(_exit.o)
 .text.libgcc   0x00001250        0x0 c:/program files (x86)/atmel/atmel studio 6.0/extensions/atmel/avrgcc/3.4.1.95/avrtoolchain/bin/../lib/gcc/avr/4.6.2/avr51\libgcc.a(_copy_data.o)
 .text.libgcc   0x00001250        0x0 c:/program files (x86)/atmel/atmel studio 6.0/extensions/atmel/avrgcc/3.4.1.95/avrtoolchain/bin/../lib/gcc/avr/4.6.2/avr51\libgcc.a(_clear_bss.o)
 .text.libgcc   0x00001250       0x28 c:/program files (x86)/atmel/atmel studio 6.0/extensions/atmel/avrgcc/3.4.1.95/avrtoolchain/bin/../lib/gcc/avr/4.6.2/avr51\libgcc.a(_udivmodhi4.o)
                0x00001250                __udivmodhi4
                0x00001278                . = ALIGN (0x2)
 *(.fini9)
 .fini9         0x00001278        0x0 c:/program files (x86)/atmel/atmel studio 6.0/extensions/atmel/avrgcc/3.4.1.95/avrtoolchain/bin/../lib/gcc/avr/4.6.2/avr51\libgcc.a(_exit.o)
                0x00001278                _exit
                0x00001278                exit
 *(.fini9)
 *(.fini8)
 *(.fini8)
 *(.fini7)
 *(.fini7)
 *(.fini6)
 *(.fini6)
 *(.fini5)
 *(.fini5)
 *(.fini4)
 *(.fini4)
 *(.fini3)
 *(.fini3)
 *(.fini2)
 *(.fini2)
 *(.fini1)
 *(.fini1)
 *(.fini0)
 .fini0         0x00001278        0x4 c:/program files (x86)/atmel/atmel studio 6.0/extensions/atmel/avrgcc/3.4.1.95/avrtoolchain/bin/../lib/gcc/avr/4.6.2/avr51\libgcc.a(_exit.o)
 *(.fini0)
                0x0000127c                _etext = .

.data           0x00800100        0x4 load address 0x0000127c
                0x00800100                PROVIDE (__data_start, .)
 *(.data)
 .data          0x00800100        0x0 c:/program files (x86)/atmel/atmel studio 6.0/extensions/atmel/avrgcc/3.4.1.95/avrtoolchain/bin/../lib/gcc/avr/4.6.2/../../../../avr/lib/avr51/crtusb1286.o
 .data          0x00800100        0x0 adc.o
 .data          0x00800100        0x0 dcmotor.o
 .data          0x00800100        0x0 interrupts.o
 .data          0x00800100        0x0 ConveyerBelt.o
 .data          0x00800100        0x0 metalqueue.o
 .data          0x00800100        0x0 ringbuffer.o
 .data          0x00800100        0x0 SevenSegmentDisplay.o
 .data          0x00800100        0x4 stepper.o
                0x00800100                states
 .data          0x00800104        0x0 timer.o
 .data          0x00800104        0x0 c:/program files (x86)/atmel/atmel studio 6.0/extensions/atmel/avrgcc/3.4.1.95/avrtoolchain/bin/../lib/gcc/avr/4.6.2/avr51\libgcc.a(_divmodhi4.o)
 .data          0x00800104        0x0 c:/program files (x86)/atmel/atmel studio 6.0/extensions/atmel/avrgcc/3.4.1.95/avrtoolchain/bin/../lib/gcc/avr/4.6.2/avr51\libgcc.a(_exit.o)
 .data          0x00800104        0x0 c:/program files (x86)/atmel/atmel studio 6.0/extensions/atmel/avrgcc/3.4.1.95/avrtoolchain/bin/../lib/gcc/avr/4.6.2/avr51\libgcc.a(_copy_data.o)
 .data          0x00800104        0x0 c:/program files (x86)/atmel/atmel studio 6.0/extensions/atmel/avrgcc/3.4.1.95/avrtoolchain/bin/../lib/gcc/avr/4.6.2/avr51\libgcc.a(_clear_bss.o)
 .data          0x00800104        0x0 c:/program files (x86)/atmel/atmel studio 6.0/extensions/atmel/avrgcc/3.4.1.95/avrtoolchain/bin/../lib/gcc/avr/4.6.2/avr51\libgcc.a(_udivmodhi4.o)
 *(.data*)
 *(.rodata)
 *(.rodata*)
 *(.gnu.linkonce.d*)
                0x00800104                . = ALIGN (0x2)
                0x00800104                _edata = .
                0x00800104                PROVIDE (__data_end, .)

.bss            0x00800104       0xb3
                0x00800104                PROVIDE (__bss_start, .)
 *(.bss)
 .bss           0x00800104        0x0 c:/program files (x86)/atmel/atmel studio 6.0/extensions/atmel/avrgcc/3.4.1.95/avrtoolchain/bin/../lib/gcc/avr/4.6.2/../../../../avr/lib/avr51/crtusb1286.o
 .bss           0x00800104        0x0 adc.o
 .bss           0x00800104        0x0 dcmotor.o
 .bss           0x00800104        0x0 interrupts.o
 .bss           0x00800104        0x0 ConveyerBelt.o
 .bss           0x00800104        0x0 metalqueue.o
 .bss           0x00800104        0x0 ringbuffer.o
 .bss           0x00800104        0x0 SevenSegmentDisplay.o
 .bss           0x00800104        0x0 stepper.o
 .bss           0x00800104        0x0 timer.o
 .bss           0x00800104        0x0 c:/program files (x86)/atmel/atmel studio 6.0/extensions/atmel/avrgcc/3.4.1.95/avrtoolchain/bin/../lib/gcc/avr/4.6.2/avr51\libgcc.a(_divmodhi4.o)
 .bss           0x00800104        0x0 c:/program files (x86)/atmel/atmel studio 6.0/extensions/atmel/avrgcc/3.4.1.95/avrtoolchain/bin/../lib/gcc/avr/4.6.2/avr51\libgcc.a(_exit.o)
 .bss           0x00800104        0x0 c:/program files (x86)/atmel/atmel studio 6.0/extensions/atmel/avrgcc/3.4.1.95/avrtoolchain/bin/../lib/gcc/avr/4.6.2/avr51\libgcc.a(_copy_data.o)
 .bss           0x00800104        0x0 c:/program files (x86)/atmel/atmel studio 6.0/extensions/atmel/avrgcc/3.4.1.95/avrtoolchain/bin/../lib/gcc/avr/4.6.2/avr51\libgcc.a(_clear_bss.o)
 .bss           0x00800104        0x0 c:/program files (x86)/atmel/atmel studio 6.0/extensions/atmel/avrgcc/3.4.1.95/avrtoolchain/bin/../lib/gcc/avr/4.6.2/avr51\libgcc.a(_udivmodhi4.o)
 *(.bss*)
 *(COMMON)
 COMMON         0x00800104        0x2 adc.o
                0x00800104                Ignore_ADC_samples
                0x00800105                ADC_is_running
 COMMON         0x00800106        0x4 dcmotor.o
                0x00800106                pausedMotorState
                0x00800107                motorWaitForStepper
                0x00800108                pausedForUndef
                0x00800109                motorState
 COMMON         0x0080010a       0x56 metalqueue.o
                0x0080010a                metalTop
                0x0080010c                metalBottom
                0x0080010e                metalCount
                0x00800110                metalQueue
 COMMON         0x00800160       0x52 ringbuffer.o
                0x00800160                inPause
                0x00800161                ringBottom
                0x00800163                currentRefl
                0x00800165                ringTop
                0x00800167                ringBuf
                0x008001a3                steelSorted
                0x008001a5                aluminumSorted
                0x008001a7                shutdown
                0x008001a8                blackSorted
                0x008001aa                whiteSorted
                0x008001ac                bufLength
                0x008001ae                totalSorted
                0x008001b0                currentMetal
 COMMON         0x008001b2        0x5 stepper.o
                0x008001b2                currentState
                0x008001b4                steps
                0x008001b6                hallLow
                0x008001b7                PROVIDE (__bss_end, .)
                0x0000127c                __data_load_start = LOADADDR (.data)
                0x00001280                __data_load_end = (__data_load_start + SIZEOF (.data))

.noinit         0x008001b7        0x0
                0x008001b7                PROVIDE (__noinit_start, .)
 *(.noinit*)
                0x008001b7                PROVIDE (__noinit_end, .)
                0x008001b7                _end = .
                0x008001b7                PROVIDE (__heap_start, .)

.eeprom         0x00810000        0x0
 *(.eeprom*)
                0x00810000                __eeprom_end = .

.fuse
 *(.fuse)
 *(.lfuse)
 *(.hfuse)
 *(.efuse)

.lock
 *(.lock*)

.signature
 *(.signature*)

.stab           0x00000000      0x6cc
 *(.stab)
 .stab          0x00000000      0x6cc c:/program files (x86)/atmel/atmel studio 6.0/extensions/atmel/avrgcc/3.4.1.95/avrtoolchain/bin/../lib/gcc/avr/4.6.2/../../../../avr/lib/avr51/crtusb1286.o

.stabstr        0x00000000       0x85
 *(.stabstr)
 .stabstr       0x00000000       0x85 c:/program files (x86)/atmel/atmel studio 6.0/extensions/atmel/avrgcc/3.4.1.95/avrtoolchain/bin/../lib/gcc/avr/4.6.2/../../../../avr/lib/avr51/crtusb1286.o

.stab.excl
 *(.stab.excl)

.stab.exclstr
 *(.stab.exclstr)

.stab.index
 *(.stab.index)

.stab.indexstr
 *(.stab.indexstr)

.comment
 *(.comment)

.debug
 *(.debug)

.line
 *(.line)

.debug_srcinfo
 *(.debug_srcinfo)

.debug_sfnames
 *(.debug_sfnames)

.debug_aranges  0x00000000      0x1c0
 *(.debug_aranges)
 .debug_aranges
                0x00000000       0x20 adc.o
 .debug_aranges
                0x00000020       0x20 dcmotor.o
 .debug_aranges
                0x00000040       0x20 interrupts.o
 .debug_aranges
                0x00000060       0x20 ConveyerBelt.o
 .debug_aranges
                0x00000080       0x20 metalqueue.o
 .debug_aranges
                0x000000a0       0x20 ringbuffer.o
 .debug_aranges
                0x000000c0       0x20 SevenSegmentDisplay.o
 .debug_aranges
                0x000000e0       0x20 stepper.o
 .debug_aranges
                0x00000100       0x20 timer.o
 .debug_aranges
                0x00000120       0x20 c:/program files (x86)/atmel/atmel studio 6.0/extensions/atmel/avrgcc/3.4.1.95/avrtoolchain/bin/../lib/gcc/avr/4.6.2/avr51\libgcc.a(_divmodhi4.o)
 .debug_aranges
                0x00000140       0x20 c:/program files (x86)/atmel/atmel studio 6.0/extensions/atmel/avrgcc/3.4.1.95/avrtoolchain/bin/../lib/gcc/avr/4.6.2/avr51\libgcc.a(_exit.o)
 .debug_aranges
                0x00000160       0x20 c:/program files (x86)/atmel/atmel studio 6.0/extensions/atmel/avrgcc/3.4.1.95/avrtoolchain/bin/../lib/gcc/avr/4.6.2/avr51\libgcc.a(_copy_data.o)
 .debug_aranges
                0x00000180       0x20 c:/program files (x86)/atmel/atmel studio 6.0/extensions/atmel/avrgcc/3.4.1.95/avrtoolchain/bin/../lib/gcc/avr/4.6.2/avr51\libgcc.a(_clear_bss.o)
 .debug_aranges
                0x000001a0       0x20 c:/program files (x86)/atmel/atmel studio 6.0/extensions/atmel/avrgcc/3.4.1.95/avrtoolchain/bin/../lib/gcc/avr/4.6.2/avr51\libgcc.a(_udivmodhi4.o)

.debug_pubnames
 *(.debug_pubnames)

.debug_info     0x00000000     0x1914
 *(.debug_info)
 .debug_info    0x00000000      0x1f4 adc.o
 .debug_info    0x000001f4      0x1a7 dcmotor.o
 .debug_info    0x0000039b      0x4cb interrupts.o
 .debug_info    0x00000866      0x234 ConveyerBelt.o
 .debug_info    0x00000a9a      0x16c metalqueue.o
 .debug_info    0x00000c06      0x2df ringbuffer.o
 .debug_info    0x00000ee5      0x2ec SevenSegmentDisplay.o
 .debug_info    0x000011d1      0x22b stepper.o
 .debug_info    0x000013fc       0xc2 timer.o
 .debug_info    0x000014be       0xde c:/program files (x86)/atmel/atmel studio 6.0/extensions/atmel/avrgcc/3.4.1.95/avrtoolchain/bin/../lib/gcc/avr/4.6.2/avr51\libgcc.a(_divmodhi4.o)
 .debug_info    0x0000159c       0xde c:/program files (x86)/atmel/atmel studio 6.0/extensions/atmel/avrgcc/3.4.1.95/avrtoolchain/bin/../lib/gcc/avr/4.6.2/avr51\libgcc.a(_exit.o)
 .debug_info    0x0000167a       0xde c:/program files (x86)/atmel/atmel studio 6.0/extensions/atmel/avrgcc/3.4.1.95/avrtoolchain/bin/../lib/gcc/avr/4.6.2/avr51\libgcc.a(_copy_data.o)
 .debug_info    0x00001758       0xde c:/program files (x86)/atmel/atmel studio 6.0/extensions/atmel/avrgcc/3.4.1.95/avrtoolchain/bin/../lib/gcc/avr/4.6.2/avr51\libgcc.a(_clear_bss.o)
 .debug_info    0x00001836       0xde c:/program files (x86)/atmel/atmel studio 6.0/extensions/atmel/avrgcc/3.4.1.95/avrtoolchain/bin/../lib/gcc/avr/4.6.2/avr51\libgcc.a(_udivmodhi4.o)
 *(.gnu.linkonce.wi.*)

.debug_abbrev   0x00000000      0x7da
 *(.debug_abbrev)
 .debug_abbrev  0x00000000       0xe9 adc.o
 .debug_abbrev  0x000000e9       0xaa dcmotor.o
 .debug_abbrev  0x00000193      0x11b interrupts.o
 .debug_abbrev  0x000002ae       0xa1 ConveyerBelt.o
 .debug_abbrev  0x0000034f       0xe7 metalqueue.o
 .debug_abbrev  0x00000436      0x111 ringbuffer.o
 .debug_abbrev  0x00000547       0xd6 SevenSegmentDisplay.o
 .debug_abbrev  0x0000061d       0xd3 stepper.o
 .debug_abbrev  0x000006f0       0x86 timer.o
 .debug_abbrev  0x00000776       0x14 c:/program files (x86)/atmel/atmel studio 6.0/extensions/atmel/avrgcc/3.4.1.95/avrtoolchain/bin/../lib/gcc/avr/4.6.2/avr51\libgcc.a(_divmodhi4.o)
 .debug_abbrev  0x0000078a       0x14 c:/program files (x86)/atmel/atmel studio 6.0/extensions/atmel/avrgcc/3.4.1.95/avrtoolchain/bin/../lib/gcc/avr/4.6.2/avr51\libgcc.a(_exit.o)
 .debug_abbrev  0x0000079e       0x14 c:/program files (x86)/atmel/atmel studio 6.0/extensions/atmel/avrgcc/3.4.1.95/avrtoolchain/bin/../lib/gcc/avr/4.6.2/avr51\libgcc.a(_copy_data.o)
 .debug_abbrev  0x000007b2       0x14 c:/program files (x86)/atmel/atmel studio 6.0/extensions/atmel/avrgcc/3.4.1.95/avrtoolchain/bin/../lib/gcc/avr/4.6.2/avr51\libgcc.a(_clear_bss.o)
 .debug_abbrev  0x000007c6       0x14 c:/program files (x86)/atmel/atmel studio 6.0/extensions/atmel/avrgcc/3.4.1.95/avrtoolchain/bin/../lib/gcc/avr/4.6.2/avr51\libgcc.a(_udivmodhi4.o)

.debug_line     0x00000000      0xc9f
 *(.debug_line)
 .debug_line    0x00000000      0x10e adc.o
 .debug_line    0x0000010e       0xff dcmotor.o
 .debug_line    0x0000020d      0x1df interrupts.o
 .debug_line    0x000003ec      0x136 ConveyerBelt.o
 .debug_line    0x00000522       0x7b metalqueue.o
 .debug_line    0x0000059d       0x8c ringbuffer.o
 .debug_line    0x00000629      0x174 SevenSegmentDisplay.o
 .debug_line    0x0000079d      0x142 stepper.o
 .debug_line    0x000008df       0xe1 timer.o
 .debug_line    0x000009c0       0x99 c:/program files (x86)/atmel/atmel studio 6.0/extensions/atmel/avrgcc/3.4.1.95/avrtoolchain/bin/../lib/gcc/avr/4.6.2/avr51\libgcc.a(_divmodhi4.o)
 .debug_line    0x00000a59       0x88 c:/program files (x86)/atmel/atmel studio 6.0/extensions/atmel/avrgcc/3.4.1.95/avrtoolchain/bin/../lib/gcc/avr/4.6.2/avr51\libgcc.a(_exit.o)
 .debug_line    0x00000ae1       0x96 c:/program files (x86)/atmel/atmel studio 6.0/extensions/atmel/avrgcc/3.4.1.95/avrtoolchain/bin/../lib/gcc/avr/4.6.2/avr51\libgcc.a(_copy_data.o)
 .debug_line    0x00000b77       0x8e c:/program files (x86)/atmel/atmel studio 6.0/extensions/atmel/avrgcc/3.4.1.95/avrtoolchain/bin/../lib/gcc/avr/4.6.2/avr51\libgcc.a(_clear_bss.o)
 .debug_line    0x00000c05       0x9a c:/program files (x86)/atmel/atmel studio 6.0/extensions/atmel/avrgcc/3.4.1.95/avrtoolchain/bin/../lib/gcc/avr/4.6.2/avr51\libgcc.a(_udivmodhi4.o)

.debug_frame    0x00000000      0x74c
 *(.debug_frame)
 .debug_frame   0x00000000       0xac adc.o
 .debug_frame   0x000000ac       0x74 dcmotor.o
 .debug_frame   0x00000120      0x2fc interrupts.o
 .debug_frame   0x0000041c       0x24 ConveyerBelt.o
 .debug_frame   0x00000440       0x7c metalqueue.o
 .debug_frame   0x000004bc       0x6c ringbuffer.o
 .debug_frame   0x00000528      0x164 SevenSegmentDisplay.o
 .debug_frame   0x0000068c       0x8c stepper.o
 .debug_frame   0x00000718       0x34 timer.o

.debug_str      0x00000000      0x601
 *(.debug_str)
 .debug_str     0x00000000      0x14e adc.o
                                0x187 (size before relaxing)
 .debug_str     0x0000014e       0xc9 dcmotor.o
                                0x17f (size before relaxing)
 .debug_str     0x00000217      0x167 interrupts.o
                                0x30d (size before relaxing)
 .debug_str     0x0000037e       0x19 ConveyerBelt.o
                                0x18c (size before relaxing)
 .debug_str     0x00000397       0x71 metalqueue.o
                                 0xd1 (size before relaxing)
 .debug_str     0x00000408       0x4c ringbuffer.o
                                0x17e (size before relaxing)
 .debug_str     0x00000454       0xb4 SevenSegmentDisplay.o
                                0x16a (size before relaxing)
 .debug_str     0x00000508       0x99 stepper.o
                                0x171 (size before relaxing)
 .debug_str     0x000005a1       0x60 timer.o
                                 0xe4 (size before relaxing)

.debug_loc      0x00000000     0x107f
 *(.debug_loc)
 .debug_loc     0x00000000       0xf3 adc.o
 .debug_loc     0x000000f3      0x62c interrupts.o
 .debug_loc     0x0000071f      0x102 metalqueue.o
 .debug_loc     0x00000821       0x76 ringbuffer.o
 .debug_loc     0x00000897      0x5c9 SevenSegmentDisplay.o
 .debug_loc     0x00000e60      0x1d3 stepper.o
 .debug_loc     0x00001033       0x4c timer.o

.debug_macinfo
 *(.debug_macinfo)
OUTPUT(ConveyerBelt.elf elf32-avr)
LOAD linker stubs
