Archive member included because of file (symbol)

c:/program files (x86)/atmel/atmel studio 6.0/extensions/atmel/avrgcc/3.4.1.95/avrtoolchain/bin/../lib/gcc/avr/4.6.2/avr51\libgcc.a(_divmodhi4.o)
                              SevenSegmentDisplay.o (__divmodhi4)
c:/program files (x86)/atmel/atmel studio 6.0/extensions/atmel/avrgcc/3.4.1.95/avrtoolchain/bin/../lib/gcc/avr/4.6.2/avr51\libgcc.a(_exit.o)
                              c:/program files (x86)/atmel/atmel studio 6.0/extensions/atmel/avrgcc/3.4.1.95/avrtoolchain/bin/../lib/gcc/avr/4.6.2/../../../../avr/lib/avr51/crtusb1286.o (exit)
c:/program files (x86)/atmel/atmel studio 6.0/extensions/atmel/avrgcc/3.4.1.95/avrtoolchain/bin/../lib/gcc/avr/4.6.2/avr51\libgcc.a(_copy_data.o)
                              interrupts.o (__do_copy_data)
c:/program files (x86)/atmel/atmel studio 6.0/extensions/atmel/avrgcc/3.4.1.95/avrtoolchain/bin/../lib/gcc/avr/4.6.2/avr51\libgcc.a(_clear_bss.o)
                              interrupts.o (__do_clear_bss)
c:/program files (x86)/atmel/atmel studio 6.0/extensions/atmel/avrgcc/3.4.1.95/avrtoolchain/bin/../lib/gcc/avr/4.6.2/avr51\libgcc.a(_udivmodhi4.o)
                              c:/program files (x86)/atmel/atmel studio 6.0/extensions/atmel/avrgcc/3.4.1.95/avrtoolchain/bin/../lib/gcc/avr/4.6.2/avr51\libgcc.a(_divmodhi4.o) (__udivmodhi4)

Memory Configuration

Name             Origin             Length             Attributes
text             0x00000000         0x00020000         xr
data             0x00800100         0x0000ff00         rw !x
eeprom           0x00810000         0x00010000         rw !x
fuse             0x00820000         0x00000400         rw !x
lock             0x00830000         0x00000400         rw !x
signature        0x00840000         0x00000400         rw !x
*default*        0x00000000         0xffffffff

Linker script and memory map

Address of section .data set to 0x800100
LOAD c:/program files (x86)/atmel/atmel studio 6.0/extensions/atmel/avrgcc/3.4.1.95/avrtoolchain/bin/../lib/gcc/avr/4.6.2/../../../../avr/lib/avr51/crtusb1286.o
LOAD interrupts.o
LOAD ConveyerBelt.o
LOAD SevenSegmentDisplay.o
LOAD timer.o
START GROUP
LOAD c:/program files (x86)/atmel/atmel studio 6.0/extensions/atmel/avrgcc/3.4.1.95/avrtoolchain/bin/../lib/gcc/avr/4.6.2/../../../../avr/lib/avr51\libm.a
END GROUP
LOAD c:/program files (x86)/atmel/atmel studio 6.0/extensions/atmel/avrgcc/3.4.1.95/avrtoolchain/bin/../lib/gcc/avr/4.6.2/avr51\libgcc.a
LOAD c:/program files (x86)/atmel/atmel studio 6.0/extensions/atmel/avrgcc/3.4.1.95/avrtoolchain/bin/../lib/gcc/avr/4.6.2/../../../../avr/lib/avr51\libc.a
LOAD c:/program files (x86)/atmel/atmel studio 6.0/extensions/atmel/avrgcc/3.4.1.95/avrtoolchain/bin/../lib/gcc/avr/4.6.2/avr51\libgcc.a

.hash
 *(.hash)

.dynsym
 *(.dynsym)

.dynstr
 *(.dynstr)

.gnu.version
 *(.gnu.version)

.gnu.version_d
 *(.gnu.version_d)

.gnu.version_r
 *(.gnu.version_r)

.rel.init
 *(.rel.init)

.rela.init
 *(.rela.init)

.rel.text
 *(.rel.text)
 *(.rel.text.*)
 *(.rel.gnu.linkonce.t*)

.rela.text
 *(.rela.text)
 *(.rela.text.*)
 *(.rela.gnu.linkonce.t*)

.rel.fini
 *(.rel.fini)

.rela.fini
 *(.rela.fini)

.rel.rodata
 *(.rel.rodata)
 *(.rel.rodata.*)
 *(.rel.gnu.linkonce.r*)

.rela.rodata
 *(.rela.rodata)
 *(.rela.rodata.*)
 *(.rela.gnu.linkonce.r*)

.rel.data
 *(.rel.data)
 *(.rel.data.*)
 *(.rel.gnu.linkonce.d*)

.rela.data
 *(.rela.data)
 *(.rela.data.*)
 *(.rela.gnu.linkonce.d*)

.rel.ctors
 *(.rel.ctors)

.rela.ctors
 *(.rela.ctors)

.rel.dtors
 *(.rel.dtors)

.rela.dtors
 *(.rela.dtors)

.rel.got
 *(.rel.got)

.rela.got
 *(.rela.got)

.rel.bss
 *(.rel.bss)

.rela.bss
 *(.rela.bss)

.rel.plt
 *(.rel.plt)

.rela.plt
 *(.rela.plt)

.text           0x00000000      0x5e8
 *(.vectors)
 .vectors       0x00000000       0x98 c:/program files (x86)/atmel/atmel studio 6.0/extensions/atmel/avrgcc/3.4.1.95/avrtoolchain/bin/../lib/gcc/avr/4.6.2/../../../../avr/lib/avr51/crtusb1286.o
                0x00000000                __vector_default
                0x00000000                __vectors
 *(.vectors)
 *(.progmem.gcc*)
 *(.progmem*)
                0x00000098                . = ALIGN (0x2)
                0x00000098                __trampolines_start = .
 *(.trampolines)
 .trampolines   0x00000098        0x0 linker stubs
 *(.trampolines*)
                0x00000098                __trampolines_end = .
 *(.jumptables)
 *(.jumptables*)
 *(.lowtext)
 *(.lowtext*)
                0x00000098                __ctors_start = .
 *(.ctors)
                0x00000098                __ctors_end = .
                0x00000098                __dtors_start = .
 *(.dtors)
                0x00000098                __dtors_end = .
 SORT(*)(.ctors)
 SORT(*)(.dtors)
 *(.init0)
 .init0         0x00000098        0x0 c:/program files (x86)/atmel/atmel studio 6.0/extensions/atmel/avrgcc/3.4.1.95/avrtoolchain/bin/../lib/gcc/avr/4.6.2/../../../../avr/lib/avr51/crtusb1286.o
                0x00000098                __init
 *(.init0)
 *(.init1)
 *(.init1)
 *(.init2)
 .init2         0x00000098        0xc c:/program files (x86)/atmel/atmel studio 6.0/extensions/atmel/avrgcc/3.4.1.95/avrtoolchain/bin/../lib/gcc/avr/4.6.2/../../../../avr/lib/avr51/crtusb1286.o
 *(.init2)
 *(.init3)
 *(.init3)
 *(.init4)
 .init4         0x000000a4       0x1c c:/program files (x86)/atmel/atmel studio 6.0/extensions/atmel/avrgcc/3.4.1.95/avrtoolchain/bin/../lib/gcc/avr/4.6.2/avr51\libgcc.a(_copy_data.o)
                0x000000a4                __do_copy_data
 .init4         0x000000c0       0x10 c:/program files (x86)/atmel/atmel studio 6.0/extensions/atmel/avrgcc/3.4.1.95/avrtoolchain/bin/../lib/gcc/avr/4.6.2/avr51\libgcc.a(_clear_bss.o)
                0x000000c0                __do_clear_bss
 *(.init4)
 *(.init5)
 *(.init5)
 *(.init6)
 *(.init6)
 *(.init7)
 *(.init7)
 *(.init8)
 *(.init8)
 *(.init9)
 .init9         0x000000d0        0x8 c:/program files (x86)/atmel/atmel studio 6.0/extensions/atmel/avrgcc/3.4.1.95/avrtoolchain/bin/../lib/gcc/avr/4.6.2/../../../../avr/lib/avr51/crtusb1286.o
 *(.init9)
 *(.text)
 .text          0x000000d8        0x4 c:/program files (x86)/atmel/atmel studio 6.0/extensions/atmel/avrgcc/3.4.1.95/avrtoolchain/bin/../lib/gcc/avr/4.6.2/../../../../avr/lib/avr51/crtusb1286.o
                0x000000d8                __vector_22
                0x000000d8                __vector_28
                0x000000d8                __vector_32
                0x000000d8                __vector_34
                0x000000d8                __vector_24
                0x000000d8                __vector_12
                0x000000d8                __bad_interrupt
                0x000000d8                __vector_31
                0x000000d8                __vector_35
                0x000000d8                __vector_23
                0x000000d8                __vector_30
                0x000000d8                __vector_25
                0x000000d8                __vector_11
                0x000000d8                __vector_13
                0x000000d8                __vector_17
                0x000000d8                __vector_19
                0x000000d8                __vector_27
                0x000000d8                __vector_33
                0x000000d8                __vector_37
                0x000000d8                __vector_9
                0x000000d8                __vector_21
                0x000000d8                __vector_15
                0x000000d8                __vector_36
                0x000000d8                __vector_29
                0x000000d8                __vector_8
                0x000000d8                __vector_26
                0x000000d8                __vector_14
                0x000000d8                __vector_10
                0x000000d8                __vector_16
                0x000000d8                __vector_18
                0x000000d8                __vector_20
 .text          0x000000dc      0x2ca interrupts.o
                0x000000dc                vectorInterrupts
                0x0000015a                __vector_1
                0x000001ae                __vector_2
                0x00000202                __vector_3
                0x00000256                __vector_4
                0x000002aa                __vector_5
                0x000002fe                __vector_6
                0x00000352                __vector_7
 .text          0x000003a6       0x44 ConveyerBelt.o
                0x000003a6                main
 .text          0x000003ea      0x15e SevenSegmentDisplay.o
                0x000003ea                getPatFomHex
                0x00000476                writePattern
                0x000004ae                writeDecInt
                0x000004f0                writeHexInt
 .text          0x00000548       0x4e timer.o
                0x00000548                initializeTimer
                0x00000554                delaynms
 .text          0x00000596        0x0 c:/program files (x86)/atmel/atmel studio 6.0/extensions/atmel/avrgcc/3.4.1.95/avrtoolchain/bin/../lib/gcc/avr/4.6.2/avr51\libgcc.a(_divmodhi4.o)
 .text          0x00000596        0x0 c:/program files (x86)/atmel/atmel studio 6.0/extensions/atmel/avrgcc/3.4.1.95/avrtoolchain/bin/../lib/gcc/avr/4.6.2/avr51\libgcc.a(_exit.o)
 .text          0x00000596        0x0 c:/program files (x86)/atmel/atmel studio 6.0/extensions/atmel/avrgcc/3.4.1.95/avrtoolchain/bin/../lib/gcc/avr/4.6.2/avr51\libgcc.a(_copy_data.o)
 .text          0x00000596        0x0 c:/program files (x86)/atmel/atmel studio 6.0/extensions/atmel/avrgcc/3.4.1.95/avrtoolchain/bin/../lib/gcc/avr/4.6.2/avr51\libgcc.a(_clear_bss.o)
 .text          0x00000596        0x0 c:/program files (x86)/atmel/atmel studio 6.0/extensions/atmel/avrgcc/3.4.1.95/avrtoolchain/bin/../lib/gcc/avr/4.6.2/avr51\libgcc.a(_udivmodhi4.o)
                0x00000596                . = ALIGN (0x2)
 *(.text.*)
 .text.libgcc   0x00000596       0x26 c:/program files (x86)/atmel/atmel studio 6.0/extensions/atmel/avrgcc/3.4.1.95/avrtoolchain/bin/../lib/gcc/avr/4.6.2/avr51\libgcc.a(_divmodhi4.o)
                0x00000596                _div
                0x00000596                __divmodhi4
 .text.libgcc   0x000005bc        0x0 c:/program files (x86)/atmel/atmel studio 6.0/extensions/atmel/avrgcc/3.4.1.95/avrtoolchain/bin/../lib/gcc/avr/4.6.2/avr51\libgcc.a(_exit.o)
 .text.libgcc   0x000005bc        0x0 c:/program files (x86)/atmel/atmel studio 6.0/extensions/atmel/avrgcc/3.4.1.95/avrtoolchain/bin/../lib/gcc/avr/4.6.2/avr51\libgcc.a(_copy_data.o)
 .text.libgcc   0x000005bc        0x0 c:/program files (x86)/atmel/atmel studio 6.0/extensions/atmel/avrgcc/3.4.1.95/avrtoolchain/bin/../lib/gcc/avr/4.6.2/avr51\libgcc.a(_clear_bss.o)
 .text.libgcc   0x000005bc       0x28 c:/program files (x86)/atmel/atmel studio 6.0/extensions/atmel/avrgcc/3.4.1.95/avrtoolchain/bin/../lib/gcc/avr/4.6.2/avr51\libgcc.a(_udivmodhi4.o)
                0x000005bc                __udivmodhi4
                0x000005e4                . = ALIGN (0x2)
 *(.fini9)
 .fini9         0x000005e4        0x0 c:/program files (x86)/atmel/atmel studio 6.0/extensions/atmel/avrgcc/3.4.1.95/avrtoolchain/bin/../lib/gcc/avr/4.6.2/avr51\libgcc.a(_exit.o)
                0x000005e4                _exit
                0x000005e4                exit
 *(.fini9)
 *(.fini8)
 *(.fini8)
 *(.fini7)
 *(.fini7)
 *(.fini6)
 *(.fini6)
 *(.fini5)
 *(.fini5)
 *(.fini4)
 *(.fini4)
 *(.fini3)
 *(.fini3)
 *(.fini2)
 *(.fini2)
 *(.fini1)
 *(.fini1)
 *(.fini0)
 .fini0         0x000005e4        0x4 c:/program files (x86)/atmel/atmel studio 6.0/extensions/atmel/avrgcc/3.4.1.95/avrtoolchain/bin/../lib/gcc/avr/4.6.2/avr51\libgcc.a(_exit.o)
 *(.fini0)
                0x000005e8                _etext = .

.data           0x00800100        0x0 load address 0x000005e8
                0x00800100                PROVIDE (__data_start, .)
 *(.data)
 .data          0x00800100        0x0 c:/program files (x86)/atmel/atmel studio 6.0/extensions/atmel/avrgcc/3.4.1.95/avrtoolchain/bin/../lib/gcc/avr/4.6.2/../../../../avr/lib/avr51/crtusb1286.o
 .data          0x00800100        0x0 interrupts.o
 .data          0x00800100        0x0 ConveyerBelt.o
 .data          0x00800100        0x0 SevenSegmentDisplay.o
 .data          0x00800100        0x0 timer.o
 .data          0x00800100        0x0 c:/program files (x86)/atmel/atmel studio 6.0/extensions/atmel/avrgcc/3.4.1.95/avrtoolchain/bin/../lib/gcc/avr/4.6.2/avr51\libgcc.a(_divmodhi4.o)
 .data          0x00800100        0x0 c:/program files (x86)/atmel/atmel studio 6.0/extensions/atmel/avrgcc/3.4.1.95/avrtoolchain/bin/../lib/gcc/avr/4.6.2/avr51\libgcc.a(_exit.o)
 .data          0x00800100        0x0 c:/program files (x86)/atmel/atmel studio 6.0/extensions/atmel/avrgcc/3.4.1.95/avrtoolchain/bin/../lib/gcc/avr/4.6.2/avr51\libgcc.a(_copy_data.o)
 .data          0x00800100        0x0 c:/program files (x86)/atmel/atmel studio 6.0/extensions/atmel/avrgcc/3.4.1.95/avrtoolchain/bin/../lib/gcc/avr/4.6.2/avr51\libgcc.a(_clear_bss.o)
 .data          0x00800100        0x0 c:/program files (x86)/atmel/atmel studio 6.0/extensions/atmel/avrgcc/3.4.1.95/avrtoolchain/bin/../lib/gcc/avr/4.6.2/avr51\libgcc.a(_udivmodhi4.o)
 *(.data*)
 *(.rodata)
 *(.rodata*)
 *(.gnu.linkonce.d*)
                0x00800100                . = ALIGN (0x2)
                0x00800100                _edata = .
                0x00800100                PROVIDE (__data_end, .)

.bss            0x00800100        0x0
                0x00800100                PROVIDE (__bss_start, .)
 *(.bss)
 .bss           0x00800100        0x0 c:/program files (x86)/atmel/atmel studio 6.0/extensions/atmel/avrgcc/3.4.1.95/avrtoolchain/bin/../lib/gcc/avr/4.6.2/../../../../avr/lib/avr51/crtusb1286.o
 .bss           0x00800100        0x0 interrupts.o
 .bss           0x00800100        0x0 ConveyerBelt.o
 .bss           0x00800100        0x0 SevenSegmentDisplay.o
 .bss           0x00800100        0x0 timer.o
 .bss           0x00800100        0x0 c:/program files (x86)/atmel/atmel studio 6.0/extensions/atmel/avrgcc/3.4.1.95/avrtoolchain/bin/../lib/gcc/avr/4.6.2/avr51\libgcc.a(_divmodhi4.o)
 .bss           0x00800100        0x0 c:/program files (x86)/atmel/atmel studio 6.0/extensions/atmel/avrgcc/3.4.1.95/avrtoolchain/bin/../lib/gcc/avr/4.6.2/avr51\libgcc.a(_exit.o)
 .bss           0x00800100        0x0 c:/program files (x86)/atmel/atmel studio 6.0/extensions/atmel/avrgcc/3.4.1.95/avrtoolchain/bin/../lib/gcc/avr/4.6.2/avr51\libgcc.a(_copy_data.o)
 .bss           0x00800100        0x0 c:/program files (x86)/atmel/atmel studio 6.0/extensions/atmel/avrgcc/3.4.1.95/avrtoolchain/bin/../lib/gcc/avr/4.6.2/avr51\libgcc.a(_clear_bss.o)
 .bss           0x00800100        0x0 c:/program files (x86)/atmel/atmel studio 6.0/extensions/atmel/avrgcc/3.4.1.95/avrtoolchain/bin/../lib/gcc/avr/4.6.2/avr51\libgcc.a(_udivmodhi4.o)
 *(.bss*)
 *(COMMON)
                0x00800100                PROVIDE (__bss_end, .)
                0x000005e8                __data_load_start = LOADADDR (.data)
                0x000005e8                __data_load_end = (__data_load_start + SIZEOF (.data))

.noinit         0x00800100        0x0
                0x00800100                PROVIDE (__noinit_start, .)
 *(.noinit*)
                0x00800100                PROVIDE (__noinit_end, .)
                0x00800100                _end = .
                0x00800100                PROVIDE (__heap_start, .)

.eeprom         0x00810000        0x0
 *(.eeprom*)
                0x00810000                __eeprom_end = .

.fuse
 *(.fuse)
 *(.lfuse)
 *(.hfuse)
 *(.efuse)

.lock
 *(.lock*)

.signature
 *(.signature*)

.stab           0x00000000      0x6cc
 *(.stab)
 .stab          0x00000000      0x6cc c:/program files (x86)/atmel/atmel studio 6.0/extensions/atmel/avrgcc/3.4.1.95/avrtoolchain/bin/../lib/gcc/avr/4.6.2/../../../../avr/lib/avr51/crtusb1286.o

.stabstr        0x00000000       0x85
 *(.stabstr)
 .stabstr       0x00000000       0x85 c:/program files (x86)/atmel/atmel studio 6.0/extensions/atmel/avrgcc/3.4.1.95/avrtoolchain/bin/../lib/gcc/avr/4.6.2/../../../../avr/lib/avr51/crtusb1286.o

.stab.excl
 *(.stab.excl)

.stab.exclstr
 *(.stab.exclstr)

.stab.index
 *(.stab.index)

.stab.indexstr
 *(.stab.indexstr)

.comment
 *(.comment)

.debug
 *(.debug)

.line
 *(.line)

.debug_srcinfo
 *(.debug_srcinfo)

.debug_sfnames
 *(.debug_sfnames)

.debug_aranges  0x00000000      0x120
 *(.debug_aranges)
 .debug_aranges
                0x00000000       0x20 interrupts.o
 .debug_aranges
                0x00000020       0x20 ConveyerBelt.o
 .debug_aranges
                0x00000040       0x20 SevenSegmentDisplay.o
 .debug_aranges
                0x00000060       0x20 timer.o
 .debug_aranges
                0x00000080       0x20 c:/program files (x86)/atmel/atmel studio 6.0/extensions/atmel/avrgcc/3.4.1.95/avrtoolchain/bin/../lib/gcc/avr/4.6.2/avr51\libgcc.a(_divmodhi4.o)
 .debug_aranges
                0x000000a0       0x20 c:/program files (x86)/atmel/atmel studio 6.0/extensions/atmel/avrgcc/3.4.1.95/avrtoolchain/bin/../lib/gcc/avr/4.6.2/avr51\libgcc.a(_exit.o)
 .debug_aranges
                0x000000c0       0x20 c:/program files (x86)/atmel/atmel studio 6.0/extensions/atmel/avrgcc/3.4.1.95/avrtoolchain/bin/../lib/gcc/avr/4.6.2/avr51\libgcc.a(_copy_data.o)
 .debug_aranges
                0x000000e0       0x20 c:/program files (x86)/atmel/atmel studio 6.0/extensions/atmel/avrgcc/3.4.1.95/avrtoolchain/bin/../lib/gcc/avr/4.6.2/avr51\libgcc.a(_clear_bss.o)
 .debug_aranges
                0x00000100       0x20 c:/program files (x86)/atmel/atmel studio 6.0/extensions/atmel/avrgcc/3.4.1.95/avrtoolchain/bin/../lib/gcc/avr/4.6.2/avr51\libgcc.a(_udivmodhi4.o)

.debug_pubnames
 *(.debug_pubnames)

.debug_info     0x00000000      0x82e
 *(.debug_info)
 .debug_info    0x00000000      0x110 interrupts.o
 .debug_info    0x00000110       0x9a ConveyerBelt.o
 .debug_info    0x000001aa      0x16c SevenSegmentDisplay.o
 .debug_info    0x00000316       0xc2 timer.o
 .debug_info    0x000003d8       0xde c:/program files (x86)/atmel/atmel studio 6.0/extensions/atmel/avrgcc/3.4.1.95/avrtoolchain/bin/../lib/gcc/avr/4.6.2/avr51\libgcc.a(_divmodhi4.o)
 .debug_info    0x000004b6       0xde c:/program files (x86)/atmel/atmel studio 6.0/extensions/atmel/avrgcc/3.4.1.95/avrtoolchain/bin/../lib/gcc/avr/4.6.2/avr51\libgcc.a(_exit.o)
 .debug_info    0x00000594       0xde c:/program files (x86)/atmel/atmel studio 6.0/extensions/atmel/avrgcc/3.4.1.95/avrtoolchain/bin/../lib/gcc/avr/4.6.2/avr51\libgcc.a(_copy_data.o)
 .debug_info    0x00000672       0xde c:/program files (x86)/atmel/atmel studio 6.0/extensions/atmel/avrgcc/3.4.1.95/avrtoolchain/bin/../lib/gcc/avr/4.6.2/avr51\libgcc.a(_clear_bss.o)
 .debug_info    0x00000750       0xde c:/program files (x86)/atmel/atmel studio 6.0/extensions/atmel/avrgcc/3.4.1.95/avrtoolchain/bin/../lib/gcc/avr/4.6.2/avr51\libgcc.a(_udivmodhi4.o)
 *(.gnu.linkonce.wi.*)

.debug_abbrev   0x00000000      0x285
 *(.debug_abbrev)
 .debug_abbrev  0x00000000       0x5f interrupts.o
 .debug_abbrev  0x0000005f       0x66 ConveyerBelt.o
 .debug_abbrev  0x000000c5       0xd6 SevenSegmentDisplay.o
 .debug_abbrev  0x0000019b       0x86 timer.o
 .debug_abbrev  0x00000221       0x14 c:/program files (x86)/atmel/atmel studio 6.0/extensions/atmel/avrgcc/3.4.1.95/avrtoolchain/bin/../lib/gcc/avr/4.6.2/avr51\libgcc.a(_divmodhi4.o)
 .debug_abbrev  0x00000235       0x14 c:/program files (x86)/atmel/atmel studio 6.0/extensions/atmel/avrgcc/3.4.1.95/avrtoolchain/bin/../lib/gcc/avr/4.6.2/avr51\libgcc.a(_exit.o)
 .debug_abbrev  0x00000249       0x14 c:/program files (x86)/atmel/atmel studio 6.0/extensions/atmel/avrgcc/3.4.1.95/avrtoolchain/bin/../lib/gcc/avr/4.6.2/avr51\libgcc.a(_copy_data.o)
 .debug_abbrev  0x0000025d       0x14 c:/program files (x86)/atmel/atmel studio 6.0/extensions/atmel/avrgcc/3.4.1.95/avrtoolchain/bin/../lib/gcc/avr/4.6.2/avr51\libgcc.a(_clear_bss.o)
 .debug_abbrev  0x00000271       0x14 c:/program files (x86)/atmel/atmel studio 6.0/extensions/atmel/avrgcc/3.4.1.95/avrtoolchain/bin/../lib/gcc/avr/4.6.2/avr51\libgcc.a(_udivmodhi4.o)

.debug_line     0x00000000      0x70f
 *(.debug_line)
 .debug_line    0x00000000      0x10e interrupts.o
 .debug_line    0x0000010e       0xf8 ConveyerBelt.o
 .debug_line    0x00000206      0x149 SevenSegmentDisplay.o
 .debug_line    0x0000034f       0xe1 timer.o
 .debug_line    0x00000430       0x99 c:/program files (x86)/atmel/atmel studio 6.0/extensions/atmel/avrgcc/3.4.1.95/avrtoolchain/bin/../lib/gcc/avr/4.6.2/avr51\libgcc.a(_divmodhi4.o)
 .debug_line    0x000004c9       0x88 c:/program files (x86)/atmel/atmel studio 6.0/extensions/atmel/avrgcc/3.4.1.95/avrtoolchain/bin/../lib/gcc/avr/4.6.2/avr51\libgcc.a(_exit.o)
 .debug_line    0x00000551       0x96 c:/program files (x86)/atmel/atmel studio 6.0/extensions/atmel/avrgcc/3.4.1.95/avrtoolchain/bin/../lib/gcc/avr/4.6.2/avr51\libgcc.a(_copy_data.o)
 .debug_line    0x000005e7       0x8e c:/program files (x86)/atmel/atmel studio 6.0/extensions/atmel/avrgcc/3.4.1.95/avrtoolchain/bin/../lib/gcc/avr/4.6.2/avr51\libgcc.a(_clear_bss.o)
 .debug_line    0x00000675       0x9a c:/program files (x86)/atmel/atmel studio 6.0/extensions/atmel/avrgcc/3.4.1.95/avrtoolchain/bin/../lib/gcc/avr/4.6.2/avr51\libgcc.a(_udivmodhi4.o)

.debug_frame    0x00000000      0x378
 *(.debug_frame)
 .debug_frame   0x00000000      0x28c interrupts.o
 .debug_frame   0x0000028c       0x24 ConveyerBelt.o
 .debug_frame   0x000002b0       0x94 SevenSegmentDisplay.o
 .debug_frame   0x00000344       0x34 timer.o

.debug_str      0x00000000      0x19d
 *(.debug_str)
 .debug_str     0x00000000       0xf1 interrupts.o
                                0x125 (size before relaxing)
 .debug_str     0x000000f1       0x19 ConveyerBelt.o
                                 0xce (size before relaxing)
 .debug_str     0x0000010a       0x64 SevenSegmentDisplay.o
                                0x11e (size before relaxing)
 .debug_str     0x0000016e       0x2f timer.o
                                 0xe4 (size before relaxing)

.debug_loc      0x00000000      0x876
 *(.debug_loc)
 .debug_loc     0x00000000      0x58d interrupts.o
 .debug_loc     0x0000058d       0x18 ConveyerBelt.o
 .debug_loc     0x000005a5      0x285 SevenSegmentDisplay.o
 .debug_loc     0x0000082a       0x4c timer.o

.debug_macinfo
 *(.debug_macinfo)
OUTPUT(ConveyerBelt.elf elf32-avr)
LOAD linker stubs
