Archive member included because of file (symbol)

c:/program files (x86)/atmel/atmel studio 6.0/extensions/atmel/avrgcc/3.4.1.95/avrtoolchain/bin/../lib/gcc/avr/4.6.2/avr51\libgcc.a(_divmodhi4.o)
                              SevenSegmentDisplay.o (__divmodhi4)
c:/program files (x86)/atmel/atmel studio 6.0/extensions/atmel/avrgcc/3.4.1.95/avrtoolchain/bin/../lib/gcc/avr/4.6.2/avr51\libgcc.a(_exit.o)
                              c:/program files (x86)/atmel/atmel studio 6.0/extensions/atmel/avrgcc/3.4.1.95/avrtoolchain/bin/../lib/gcc/avr/4.6.2/../../../../avr/lib/avr51/crtusb1286.o (exit)
c:/program files (x86)/atmel/atmel studio 6.0/extensions/atmel/avrgcc/3.4.1.95/avrtoolchain/bin/../lib/gcc/avr/4.6.2/avr51\libgcc.a(_copy_data.o)
                              adc.o (__do_copy_data)
c:/program files (x86)/atmel/atmel studio 6.0/extensions/atmel/avrgcc/3.4.1.95/avrtoolchain/bin/../lib/gcc/avr/4.6.2/avr51\libgcc.a(_clear_bss.o)
                              adc.o (__do_clear_bss)
c:/program files (x86)/atmel/atmel studio 6.0/extensions/atmel/avrgcc/3.4.1.95/avrtoolchain/bin/../lib/gcc/avr/4.6.2/avr51\libgcc.a(_udivmodhi4.o)
                              c:/program files (x86)/atmel/atmel studio 6.0/extensions/atmel/avrgcc/3.4.1.95/avrtoolchain/bin/../lib/gcc/avr/4.6.2/avr51\libgcc.a(_divmodhi4.o) (__udivmodhi4)

Allocating common symbols
Common symbol       size              file

inPause             0x1               ringbuffer.o
accelLimit          0x2               stepper.o
ringBottom          0x2               ringbuffer.o
currentSteps        0x2               stepper.o
currentState        0x2               stepper.o
steps               0x2               stepper.o
modifier            0x2               stepper.o
metalTop            0x2               metalqueue.o
metalBottom         0x2               metalqueue.o
currentRefl         0x2               ringbuffer.o
metalCount          0x2               metalqueue.o
ringTop             0x2               ringbuffer.o
ringBuf             0x258             ringbuffer.o
steelSorted         0x2               ringbuffer.o
aluminumSorted      0x2               ringbuffer.o
pausedMotorState    0x1               dcmotor.o
motorWaitForStepper
                    0x1               dcmotor.o
shutdown            0x1               ringbuffer.o
metalQueue          0xc8              metalqueue.o
hallLow             0x1               stepper.o
pausedForUndef      0x1               dcmotor.o
blackSorted         0x2               ringbuffer.o
whiteSorted         0x2               ringbuffer.o
bufLength           0x2               ringbuffer.o
motorState          0x1               dcmotor.o
ADC_is_running      0x1               adc.o
totalSorted         0x2               ringbuffer.o
currentMetal        0x2               ringbuffer.o

Memory Configuration

Name             Origin             Length             Attributes
text             0x00000000         0x00020000         xr
data             0x00800100         0x0000ff00         rw !x
eeprom           0x00810000         0x00010000         rw !x
fuse             0x00820000         0x00000400         rw !x
lock             0x00830000         0x00000400         rw !x
signature        0x00840000         0x00000400         rw !x
*default*        0x00000000         0xffffffff

Linker script and memory map

Address of section .data set to 0x800100
LOAD c:/program files (x86)/atmel/atmel studio 6.0/extensions/atmel/avrgcc/3.4.1.95/avrtoolchain/bin/../lib/gcc/avr/4.6.2/../../../../avr/lib/avr51/crtusb1286.o
LOAD adc.o
LOAD dcmotor.o
LOAD interrupts.o
LOAD ConveyerBelt.o
LOAD metalqueue.o
LOAD ringbuffer.o
LOAD SevenSegmentDisplay.o
LOAD stepper.o
LOAD timer.o
START GROUP
LOAD c:/program files (x86)/atmel/atmel studio 6.0/extensions/atmel/avrgcc/3.4.1.95/avrtoolchain/bin/../lib/gcc/avr/4.6.2/../../../../avr/lib/avr51\libm.a
END GROUP
LOAD c:/program files (x86)/atmel/atmel studio 6.0/extensions/atmel/avrgcc/3.4.1.95/avrtoolchain/bin/../lib/gcc/avr/4.6.2/avr51\libgcc.a
LOAD c:/program files (x86)/atmel/atmel studio 6.0/extensions/atmel/avrgcc/3.4.1.95/avrtoolchain/bin/../lib/gcc/avr/4.6.2/../../../../avr/lib/avr51\libc.a
LOAD c:/program files (x86)/atmel/atmel studio 6.0/extensions/atmel/avrgcc/3.4.1.95/avrtoolchain/bin/../lib/gcc/avr/4.6.2/avr51\libgcc.a

.hash
 *(.hash)

.dynsym
 *(.dynsym)

.dynstr
 *(.dynstr)

.gnu.version
 *(.gnu.version)

.gnu.version_d
 *(.gnu.version_d)

.gnu.version_r
 *(.gnu.version_r)

.rel.init
 *(.rel.init)

.rela.init
 *(.rela.init)

.rel.text
 *(.rel.text)
 *(.rel.text.*)
 *(.rel.gnu.linkonce.t*)

.rela.text
 *(.rela.text)
 *(.rela.text.*)
 *(.rela.gnu.linkonce.t*)

.rel.fini
 *(.rel.fini)

.rela.fini
 *(.rela.fini)

.rel.rodata
 *(.rel.rodata)
 *(.rel.rodata.*)
 *(.rel.gnu.linkonce.r*)

.rela.rodata
 *(.rela.rodata)
 *(.rela.rodata.*)
 *(.rela.gnu.linkonce.r*)

.rel.data
 *(.rel.data)
 *(.rel.data.*)
 *(.rel.gnu.linkonce.d*)

.rela.data
 *(.rela.data)
 *(.rela.data.*)
 *(.rela.gnu.linkonce.d*)

.rel.ctors
 *(.rel.ctors)

.rela.ctors
 *(.rela.ctors)

.rel.dtors
 *(.rel.dtors)

.rela.dtors
 *(.rela.dtors)

.rel.got
 *(.rel.got)

.rela.got
 *(.rela.got)

.rel.bss
 *(.rel.bss)

.rela.bss
 *(.rela.bss)

.rel.plt
 *(.rel.plt)

.rela.plt
 *(.rela.plt)

.text           0x00000000     0x15cc
 *(.vectors)
 .vectors       0x00000000       0x98 c:/program files (x86)/atmel/atmel studio 6.0/extensions/atmel/avrgcc/3.4.1.95/avrtoolchain/bin/../lib/gcc/avr/4.6.2/../../../../avr/lib/avr51/crtusb1286.o
                0x00000000                __vector_default
                0x00000000                __vectors
 *(.vectors)
 *(.progmem.gcc*)
 *(.progmem*)
                0x00000098                . = ALIGN (0x2)
                0x00000098                __trampolines_start = .
 *(.trampolines)
 .trampolines   0x00000098        0x0 linker stubs
 *(.trampolines*)
                0x00000098                __trampolines_end = .
 *(.jumptables)
 *(.jumptables*)
 *(.lowtext)
 *(.lowtext*)
                0x00000098                __ctors_start = .
 *(.ctors)
                0x00000098                __ctors_end = .
                0x00000098                __dtors_start = .
 *(.dtors)
                0x00000098                __dtors_end = .
 SORT(*)(.ctors)
 SORT(*)(.dtors)
 *(.init0)
 .init0         0x00000098        0x0 c:/program files (x86)/atmel/atmel studio 6.0/extensions/atmel/avrgcc/3.4.1.95/avrtoolchain/bin/../lib/gcc/avr/4.6.2/../../../../avr/lib/avr51/crtusb1286.o
                0x00000098                __init
 *(.init0)
 *(.init1)
 *(.init1)
 *(.init2)
 .init2         0x00000098        0xc c:/program files (x86)/atmel/atmel studio 6.0/extensions/atmel/avrgcc/3.4.1.95/avrtoolchain/bin/../lib/gcc/avr/4.6.2/../../../../avr/lib/avr51/crtusb1286.o
 *(.init2)
 *(.init3)
 *(.init3)
 *(.init4)
 .init4         0x000000a4       0x1c c:/program files (x86)/atmel/atmel studio 6.0/extensions/atmel/avrgcc/3.4.1.95/avrtoolchain/bin/../lib/gcc/avr/4.6.2/avr51\libgcc.a(_copy_data.o)
                0x000000a4                __do_copy_data
 .init4         0x000000c0       0x10 c:/program files (x86)/atmel/atmel studio 6.0/extensions/atmel/avrgcc/3.4.1.95/avrtoolchain/bin/../lib/gcc/avr/4.6.2/avr51\libgcc.a(_clear_bss.o)
                0x000000c0                __do_clear_bss
 *(.init4)
 *(.init5)
 *(.init5)
 *(.init6)
 *(.init6)
 *(.init7)
 *(.init7)
 *(.init8)
 *(.init8)
 *(.init9)
 .init9         0x000000d0        0x8 c:/program files (x86)/atmel/atmel studio 6.0/extensions/atmel/avrgcc/3.4.1.95/avrtoolchain/bin/../lib/gcc/avr/4.6.2/../../../../avr/lib/avr51/crtusb1286.o
 *(.init9)
 *(.text)
 .text          0x000000d8        0x4 c:/program files (x86)/atmel/atmel studio 6.0/extensions/atmel/avrgcc/3.4.1.95/avrtoolchain/bin/../lib/gcc/avr/4.6.2/../../../../avr/lib/avr51/crtusb1286.o
                0x000000d8                __vector_22
                0x000000d8                __vector_28
                0x000000d8                __vector_32
                0x000000d8                __vector_34
                0x000000d8                __vector_24
                0x000000d8                __vector_12
                0x000000d8                __bad_interrupt
                0x000000d8                __vector_31
                0x000000d8                __vector_35
                0x000000d8                __vector_23
                0x000000d8                __vector_30
                0x000000d8                __vector_25
                0x000000d8                __vector_11
                0x000000d8                __vector_13
                0x000000d8                __vector_17
                0x000000d8                __vector_19
                0x000000d8                __vector_27
                0x000000d8                __vector_33
                0x000000d8                __vector_37
                0x000000d8                __vector_9
                0x000000d8                __vector_21
                0x000000d8                __vector_15
                0x000000d8                __vector_36
                0x000000d8                __vector_8
                0x000000d8                __vector_26
                0x000000d8                __vector_14
                0x000000d8                __vector_10
                0x000000d8                __vector_16
                0x000000d8                __vector_18
                0x000000d8                __vector_20
 .text          0x000000dc      0x138 adc.o
                0x000000dc                setupADC
                0x00000106                startADC
                0x0000011a                stopADC
                0x0000012a                updateMinimum
                0x000001b2                __vector_29
 .text          0x00000214       0x6e dcmotor.o
                0x00000214                setupMotor
                0x00000242                setMotorSpeed
                0x00000246                setMotorFwd
                0x00000256                setMotorRev
                0x00000266                setMotorBrake
                0x00000272                setMotorCoast
 .text          0x00000282      0x6d6 interrupts.o
                0x00000282                vectorInterrupts
                0x00000300                makeDecision
                0x000003ba                firstLaserHandler
                0x000003ea                metalHandler
                0x00000414                secondLaserHandler
                0x0000049a                shutdownHandler
                0x000004b6                pausedHandler
                0x00000518                exitHandler
                0x0000069c                __vector_1
                0x00000708                __vector_2
                0x00000774                __vector_3
                0x000007c4                __vector_4
                0x00000830                __vector_5
                0x0000089e                __vector_6
                0x000008fc                __vector_7
 .text          0x00000958      0x286 ConveyerBelt.o
                0x00000958                main
 .text          0x00000bde       0xf4 metalqueue.o
                0x00000bde                initMetalQueue
                0x00000c00                getMetalOffset
                0x00000c1a                popMetal
                0x00000c78                newMetal
 .text          0x00000cd2      0x134 ringbuffer.o
                0x00000cd2                initRingBuf
                0x00000d30                getBufOffset
                0x00000d4a                popBuf
                0x00000da2                newRingBufItem
 .text          0x00000e06      0x364 SevenSegmentDisplay.o
                0x00000e06                getPatFomHex
                0x00000e92                writePattern
                0x00000eca                writeError
                0x00000f20                writeTotal
                0x00000f68                writeBelt
                0x00000fb0                writeAluminum
                0x00000ff8                writeSteel
                0x00001040                writeBlack
                0x00001088                writeWhite
                0x000010d0                writeDecInt
                0x00001112                writeHexInt
 .text          0x0000116a      0x396 stepper.o
                0x0000116a                initalizeStepper
                0x00001192                stepTime
                0x0000129a                forwardSteps
                0x000012d4                reverseSteps
                0x0000130e                stepperMoveTo
 .text          0x00001500       0x7a timer.o
                0x00001500                initializeTimer
                0x0000150c                delaynus
                0x00001538                delaynms
 .text          0x0000157a        0x0 c:/program files (x86)/atmel/atmel studio 6.0/extensions/atmel/avrgcc/3.4.1.95/avrtoolchain/bin/../lib/gcc/avr/4.6.2/avr51\libgcc.a(_divmodhi4.o)
 .text          0x0000157a        0x0 c:/program files (x86)/atmel/atmel studio 6.0/extensions/atmel/avrgcc/3.4.1.95/avrtoolchain/bin/../lib/gcc/avr/4.6.2/avr51\libgcc.a(_exit.o)
 .text          0x0000157a        0x0 c:/program files (x86)/atmel/atmel studio 6.0/extensions/atmel/avrgcc/3.4.1.95/avrtoolchain/bin/../lib/gcc/avr/4.6.2/avr51\libgcc.a(_copy_data.o)
 .text          0x0000157a        0x0 c:/program files (x86)/atmel/atmel studio 6.0/extensions/atmel/avrgcc/3.4.1.95/avrtoolchain/bin/../lib/gcc/avr/4.6.2/avr51\libgcc.a(_clear_bss.o)
 .text          0x0000157a        0x0 c:/program files (x86)/atmel/atmel studio 6.0/extensions/atmel/avrgcc/3.4.1.95/avrtoolchain/bin/../lib/gcc/avr/4.6.2/avr51\libgcc.a(_udivmodhi4.o)
                0x0000157a                . = ALIGN (0x2)
 *(.text.*)
 .text.libgcc   0x0000157a       0x26 c:/program files (x86)/atmel/atmel studio 6.0/extensions/atmel/avrgcc/3.4.1.95/avrtoolchain/bin/../lib/gcc/avr/4.6.2/avr51\libgcc.a(_divmodhi4.o)
                0x0000157a                _div
                0x0000157a                __divmodhi4
 .text.libgcc   0x000015a0        0x0 c:/program files (x86)/atmel/atmel studio 6.0/extensions/atmel/avrgcc/3.4.1.95/avrtoolchain/bin/../lib/gcc/avr/4.6.2/avr51\libgcc.a(_exit.o)
 .text.libgcc   0x000015a0        0x0 c:/program files (x86)/atmel/atmel studio 6.0/extensions/atmel/avrgcc/3.4.1.95/avrtoolchain/bin/../lib/gcc/avr/4.6.2/avr51\libgcc.a(_copy_data.o)
 .text.libgcc   0x000015a0        0x0 c:/program files (x86)/atmel/atmel studio 6.0/extensions/atmel/avrgcc/3.4.1.95/avrtoolchain/bin/../lib/gcc/avr/4.6.2/avr51\libgcc.a(_clear_bss.o)
 .text.libgcc   0x000015a0       0x28 c:/program files (x86)/atmel/atmel studio 6.0/extensions/atmel/avrgcc/3.4.1.95/avrtoolchain/bin/../lib/gcc/avr/4.6.2/avr51\libgcc.a(_udivmodhi4.o)
                0x000015a0                __udivmodhi4
                0x000015c8                . = ALIGN (0x2)
 *(.fini9)
 .fini9         0x000015c8        0x0 c:/program files (x86)/atmel/atmel studio 6.0/extensions/atmel/avrgcc/3.4.1.95/avrtoolchain/bin/../lib/gcc/avr/4.6.2/avr51\libgcc.a(_exit.o)
                0x000015c8                _exit
                0x000015c8                exit
 *(.fini9)
 *(.fini8)
 *(.fini8)
 *(.fini7)
 *(.fini7)
 *(.fini6)
 *(.fini6)
 *(.fini5)
 *(.fini5)
 *(.fini4)
 *(.fini4)
 *(.fini3)
 *(.fini3)
 *(.fini2)
 *(.fini2)
 *(.fini1)
 *(.fini1)
 *(.fini0)
 .fini0         0x000015c8        0x4 c:/program files (x86)/atmel/atmel studio 6.0/extensions/atmel/avrgcc/3.4.1.95/avrtoolchain/bin/../lib/gcc/avr/4.6.2/avr51\libgcc.a(_exit.o)
 *(.fini0)
                0x000015cc                _etext = .

.data           0x00800100        0x4 load address 0x000015cc
                0x00800100                PROVIDE (__data_start, .)
 *(.data)
 .data          0x00800100        0x0 c:/program files (x86)/atmel/atmel studio 6.0/extensions/atmel/avrgcc/3.4.1.95/avrtoolchain/bin/../lib/gcc/avr/4.6.2/../../../../avr/lib/avr51/crtusb1286.o
 .data          0x00800100        0x0 adc.o
 .data          0x00800100        0x0 dcmotor.o
 .data          0x00800100        0x0 interrupts.o
 .data          0x00800100        0x0 ConveyerBelt.o
 .data          0x00800100        0x0 metalqueue.o
 .data          0x00800100        0x0 ringbuffer.o
 .data          0x00800100        0x0 SevenSegmentDisplay.o
 .data          0x00800100        0x4 stepper.o
                0x00800100                states
 .data          0x00800104        0x0 timer.o
 .data          0x00800104        0x0 c:/program files (x86)/atmel/atmel studio 6.0/extensions/atmel/avrgcc/3.4.1.95/avrtoolchain/bin/../lib/gcc/avr/4.6.2/avr51\libgcc.a(_divmodhi4.o)
 .data          0x00800104        0x0 c:/program files (x86)/atmel/atmel studio 6.0/extensions/atmel/avrgcc/3.4.1.95/avrtoolchain/bin/../lib/gcc/avr/4.6.2/avr51\libgcc.a(_exit.o)
 .data          0x00800104        0x0 c:/program files (x86)/atmel/atmel studio 6.0/extensions/atmel/avrgcc/3.4.1.95/avrtoolchain/bin/../lib/gcc/avr/4.6.2/avr51\libgcc.a(_copy_data.o)
 .data          0x00800104        0x0 c:/program files (x86)/atmel/atmel studio 6.0/extensions/atmel/avrgcc/3.4.1.95/avrtoolchain/bin/../lib/gcc/avr/4.6.2/avr51\libgcc.a(_clear_bss.o)
 .data          0x00800104        0x0 c:/program files (x86)/atmel/atmel studio 6.0/extensions/atmel/avrgcc/3.4.1.95/avrtoolchain/bin/../lib/gcc/avr/4.6.2/avr51\libgcc.a(_udivmodhi4.o)
 *(.data*)
 *(.rodata)
 *(.rodata*)
 *(.gnu.linkonce.d*)
                0x00800104                . = ALIGN (0x2)
                0x00800104                _edata = .
                0x00800104                PROVIDE (__data_end, .)

.bss            0x00800104      0x34c
                0x00800104                PROVIDE (__bss_start, .)
 *(.bss)
 .bss           0x00800104        0x0 c:/program files (x86)/atmel/atmel studio 6.0/extensions/atmel/avrgcc/3.4.1.95/avrtoolchain/bin/../lib/gcc/avr/4.6.2/../../../../avr/lib/avr51/crtusb1286.o
 .bss           0x00800104        0x0 adc.o
 .bss           0x00800104        0x0 dcmotor.o
 .bss           0x00800104        0x0 interrupts.o
 .bss           0x00800104        0x0 ConveyerBelt.o
 .bss           0x00800104        0x0 metalqueue.o
 .bss           0x00800104        0x0 ringbuffer.o
 .bss           0x00800104        0x0 SevenSegmentDisplay.o
 .bss           0x00800104        0x0 stepper.o
 .bss           0x00800104        0x0 timer.o
 .bss           0x00800104        0x0 c:/program files (x86)/atmel/atmel studio 6.0/extensions/atmel/avrgcc/3.4.1.95/avrtoolchain/bin/../lib/gcc/avr/4.6.2/avr51\libgcc.a(_divmodhi4.o)
 .bss           0x00800104        0x0 c:/program files (x86)/atmel/atmel studio 6.0/extensions/atmel/avrgcc/3.4.1.95/avrtoolchain/bin/../lib/gcc/avr/4.6.2/avr51\libgcc.a(_exit.o)
 .bss           0x00800104        0x0 c:/program files (x86)/atmel/atmel studio 6.0/extensions/atmel/avrgcc/3.4.1.95/avrtoolchain/bin/../lib/gcc/avr/4.6.2/avr51\libgcc.a(_copy_data.o)
 .bss           0x00800104        0x0 c:/program files (x86)/atmel/atmel studio 6.0/extensions/atmel/avrgcc/3.4.1.95/avrtoolchain/bin/../lib/gcc/avr/4.6.2/avr51\libgcc.a(_clear_bss.o)
 .bss           0x00800104        0x0 c:/program files (x86)/atmel/atmel studio 6.0/extensions/atmel/avrgcc/3.4.1.95/avrtoolchain/bin/../lib/gcc/avr/4.6.2/avr51\libgcc.a(_udivmodhi4.o)
 *(.bss*)
 *(COMMON)
 COMMON         0x00800104        0x1 adc.o
                0x00800104                ADC_is_running
 COMMON         0x00800105        0x4 dcmotor.o
                0x00800105                pausedMotorState
                0x00800106                motorWaitForStepper
                0x00800107                pausedForUndef
                0x00800108                motorState
 COMMON         0x00800109       0xce metalqueue.o
                0x00800109                metalTop
                0x0080010b                metalBottom
                0x0080010d                metalCount
                0x0080010f                metalQueue
 COMMON         0x008001d7      0x26e ringbuffer.o
                0x008001d7                inPause
                0x008001d8                ringBottom
                0x008001da                currentRefl
                0x008001dc                ringTop
                0x008001de                ringBuf
                0x00800436                steelSorted
                0x00800438                aluminumSorted
                0x0080043a                shutdown
                0x0080043b                blackSorted
                0x0080043d                whiteSorted
                0x0080043f                bufLength
                0x00800441                totalSorted
                0x00800443                currentMetal
 COMMON         0x00800445        0xb stepper.o
                0x00800445                accelLimit
                0x00800447                currentSteps
                0x00800449                currentState
                0x0080044b                steps
                0x0080044d                modifier
                0x0080044f                hallLow
                0x00800450                PROVIDE (__bss_end, .)
                0x000015cc                __data_load_start = LOADADDR (.data)
                0x000015d0                __data_load_end = (__data_load_start + SIZEOF (.data))

.noinit         0x00800450        0x0
                0x00800450                PROVIDE (__noinit_start, .)
 *(.noinit*)
                0x00800450                PROVIDE (__noinit_end, .)
                0x00800450                _end = .
                0x00800450                PROVIDE (__heap_start, .)

.eeprom         0x00810000        0x0
 *(.eeprom*)
                0x00810000                __eeprom_end = .

.fuse
 *(.fuse)
 *(.lfuse)
 *(.hfuse)
 *(.efuse)

.lock
 *(.lock*)

.signature
 *(.signature*)

.stab           0x00000000      0x6cc
 *(.stab)
 .stab          0x00000000      0x6cc c:/program files (x86)/atmel/atmel studio 6.0/extensions/atmel/avrgcc/3.4.1.95/avrtoolchain/bin/../lib/gcc/avr/4.6.2/../../../../avr/lib/avr51/crtusb1286.o

.stabstr        0x00000000       0x85
 *(.stabstr)
 .stabstr       0x00000000       0x85 c:/program files (x86)/atmel/atmel studio 6.0/extensions/atmel/avrgcc/3.4.1.95/avrtoolchain/bin/../lib/gcc/avr/4.6.2/../../../../avr/lib/avr51/crtusb1286.o

.stab.excl
 *(.stab.excl)

.stab.exclstr
 *(.stab.exclstr)

.stab.index
 *(.stab.index)

.stab.indexstr
 *(.stab.indexstr)

.comment
 *(.comment)

.debug
 *(.debug)

.line
 *(.line)

.debug_srcinfo
 *(.debug_srcinfo)

.debug_sfnames
 *(.debug_sfnames)

.debug_aranges  0x00000000      0x1c0
 *(.debug_aranges)
 .debug_aranges
                0x00000000       0x20 adc.o
 .debug_aranges
                0x00000020       0x20 dcmotor.o
 .debug_aranges
                0x00000040       0x20 interrupts.o
 .debug_aranges
                0x00000060       0x20 ConveyerBelt.o
 .debug_aranges
                0x00000080       0x20 metalqueue.o
 .debug_aranges
                0x000000a0       0x20 ringbuffer.o
 .debug_aranges
                0x000000c0       0x20 SevenSegmentDisplay.o
 .debug_aranges
                0x000000e0       0x20 stepper.o
 .debug_aranges
                0x00000100       0x20 timer.o
 .debug_aranges
                0x00000120       0x20 c:/program files (x86)/atmel/atmel studio 6.0/extensions/atmel/avrgcc/3.4.1.95/avrtoolchain/bin/../lib/gcc/avr/4.6.2/avr51\libgcc.a(_divmodhi4.o)
 .debug_aranges
                0x00000140       0x20 c:/program files (x86)/atmel/atmel studio 6.0/extensions/atmel/avrgcc/3.4.1.95/avrtoolchain/bin/../lib/gcc/avr/4.6.2/avr51\libgcc.a(_exit.o)
 .debug_aranges
                0x00000160       0x20 c:/program files (x86)/atmel/atmel studio 6.0/extensions/atmel/avrgcc/3.4.1.95/avrtoolchain/bin/../lib/gcc/avr/4.6.2/avr51\libgcc.a(_copy_data.o)
 .debug_aranges
                0x00000180       0x20 c:/program files (x86)/atmel/atmel studio 6.0/extensions/atmel/avrgcc/3.4.1.95/avrtoolchain/bin/../lib/gcc/avr/4.6.2/avr51\libgcc.a(_clear_bss.o)
 .debug_aranges
                0x000001a0       0x20 c:/program files (x86)/atmel/atmel studio 6.0/extensions/atmel/avrgcc/3.4.1.95/avrtoolchain/bin/../lib/gcc/avr/4.6.2/avr51\libgcc.a(_udivmodhi4.o)

.debug_pubnames
 *(.debug_pubnames)

.debug_info     0x00000000     0x1a75
 *(.debug_info)
 .debug_info    0x00000000      0x1d5 adc.o
 .debug_info    0x000001d5      0x1a7 dcmotor.o
 .debug_info    0x0000037c      0x536 interrupts.o
 .debug_info    0x000008b2      0x282 ConveyerBelt.o
 .debug_info    0x00000b34      0x16c metalqueue.o
 .debug_info    0x00000ca0      0x2df ringbuffer.o
 .debug_info    0x00000f7f      0x32c SevenSegmentDisplay.o
 .debug_info    0x000012ab      0x288 stepper.o
 .debug_info    0x00001533       0xec timer.o
 .debug_info    0x0000161f       0xde c:/program files (x86)/atmel/atmel studio 6.0/extensions/atmel/avrgcc/3.4.1.95/avrtoolchain/bin/../lib/gcc/avr/4.6.2/avr51\libgcc.a(_divmodhi4.o)
 .debug_info    0x000016fd       0xde c:/program files (x86)/atmel/atmel studio 6.0/extensions/atmel/avrgcc/3.4.1.95/avrtoolchain/bin/../lib/gcc/avr/4.6.2/avr51\libgcc.a(_exit.o)
 .debug_info    0x000017db       0xde c:/program files (x86)/atmel/atmel studio 6.0/extensions/atmel/avrgcc/3.4.1.95/avrtoolchain/bin/../lib/gcc/avr/4.6.2/avr51\libgcc.a(_copy_data.o)
 .debug_info    0x000018b9       0xde c:/program files (x86)/atmel/atmel studio 6.0/extensions/atmel/avrgcc/3.4.1.95/avrtoolchain/bin/../lib/gcc/avr/4.6.2/avr51\libgcc.a(_clear_bss.o)
 .debug_info    0x00001997       0xde c:/program files (x86)/atmel/atmel studio 6.0/extensions/atmel/avrgcc/3.4.1.95/avrtoolchain/bin/../lib/gcc/avr/4.6.2/avr51\libgcc.a(_udivmodhi4.o)
 *(.gnu.linkonce.wi.*)

.debug_abbrev   0x00000000      0x847
 *(.debug_abbrev)
 .debug_abbrev  0x00000000       0xe9 adc.o
 .debug_abbrev  0x000000e9       0xaa dcmotor.o
 .debug_abbrev  0x00000193      0x143 interrupts.o
 .debug_abbrev  0x000002d6       0xc0 ConveyerBelt.o
 .debug_abbrev  0x00000396       0xe7 metalqueue.o
 .debug_abbrev  0x0000047d      0x111 ringbuffer.o
 .debug_abbrev  0x0000058e       0xd6 SevenSegmentDisplay.o
 .debug_abbrev  0x00000664       0xd3 stepper.o
 .debug_abbrev  0x00000737       0xac timer.o
 .debug_abbrev  0x000007e3       0x14 c:/program files (x86)/atmel/atmel studio 6.0/extensions/atmel/avrgcc/3.4.1.95/avrtoolchain/bin/../lib/gcc/avr/4.6.2/avr51\libgcc.a(_divmodhi4.o)
 .debug_abbrev  0x000007f7       0x14 c:/program files (x86)/atmel/atmel studio 6.0/extensions/atmel/avrgcc/3.4.1.95/avrtoolchain/bin/../lib/gcc/avr/4.6.2/avr51\libgcc.a(_exit.o)
 .debug_abbrev  0x0000080b       0x14 c:/program files (x86)/atmel/atmel studio 6.0/extensions/atmel/avrgcc/3.4.1.95/avrtoolchain/bin/../lib/gcc/avr/4.6.2/avr51\libgcc.a(_copy_data.o)
 .debug_abbrev  0x0000081f       0x14 c:/program files (x86)/atmel/atmel studio 6.0/extensions/atmel/avrgcc/3.4.1.95/avrtoolchain/bin/../lib/gcc/avr/4.6.2/avr51\libgcc.a(_clear_bss.o)
 .debug_abbrev  0x00000833       0x14 c:/program files (x86)/atmel/atmel studio 6.0/extensions/atmel/avrgcc/3.4.1.95/avrtoolchain/bin/../lib/gcc/avr/4.6.2/avr51\libgcc.a(_udivmodhi4.o)

.debug_line     0x00000000      0xcf0
 *(.debug_line)
 .debug_line    0x00000000      0x10c adc.o
 .debug_line    0x0000010c       0xff dcmotor.o
 .debug_line    0x0000020b      0x1dd interrupts.o
 .debug_line    0x000003e8      0x14a ConveyerBelt.o
 .debug_line    0x00000532       0x7a metalqueue.o
 .debug_line    0x000005ac       0x80 ringbuffer.o
 .debug_line    0x0000062c      0x17b SevenSegmentDisplay.o
 .debug_line    0x000007a7      0x181 stepper.o
 .debug_line    0x00000928       0xe9 timer.o
 .debug_line    0x00000a11       0x99 c:/program files (x86)/atmel/atmel studio 6.0/extensions/atmel/avrgcc/3.4.1.95/avrtoolchain/bin/../lib/gcc/avr/4.6.2/avr51\libgcc.a(_divmodhi4.o)
 .debug_line    0x00000aaa       0x88 c:/program files (x86)/atmel/atmel studio 6.0/extensions/atmel/avrgcc/3.4.1.95/avrtoolchain/bin/../lib/gcc/avr/4.6.2/avr51\libgcc.a(_exit.o)
 .debug_line    0x00000b32       0x96 c:/program files (x86)/atmel/atmel studio 6.0/extensions/atmel/avrgcc/3.4.1.95/avrtoolchain/bin/../lib/gcc/avr/4.6.2/avr51\libgcc.a(_copy_data.o)
 .debug_line    0x00000bc8       0x8e c:/program files (x86)/atmel/atmel studio 6.0/extensions/atmel/avrgcc/3.4.1.95/avrtoolchain/bin/../lib/gcc/avr/4.6.2/avr51\libgcc.a(_clear_bss.o)
 .debug_line    0x00000c56       0x9a c:/program files (x86)/atmel/atmel studio 6.0/extensions/atmel/avrgcc/3.4.1.95/avrtoolchain/bin/../lib/gcc/avr/4.6.2/avr51\libgcc.a(_udivmodhi4.o)

.debug_frame    0x00000000      0x7ac
 *(.debug_frame)
 .debug_frame   0x00000000       0xac adc.o
 .debug_frame   0x000000ac       0x74 dcmotor.o
 .debug_frame   0x00000120      0x328 interrupts.o
 .debug_frame   0x00000448       0x24 ConveyerBelt.o
 .debug_frame   0x0000046c       0x7c metalqueue.o
 .debug_frame   0x000004e8       0x6c ringbuffer.o
 .debug_frame   0x00000554      0x188 SevenSegmentDisplay.o
 .debug_frame   0x000006dc       0x8c stepper.o
 .debug_frame   0x00000768       0x44 timer.o

.debug_str      0x00000000      0x5e8
 *(.debug_str)
 .debug_str     0x00000000      0x13b adc.o
                                0x174 (size before relaxing)
 .debug_str     0x0000013b       0xc9 dcmotor.o
                                0x17f (size before relaxing)
 .debug_str     0x00000204      0x167 interrupts.o
                                0x2fa (size before relaxing)
 .debug_str     0x0000036b       0x2e ConveyerBelt.o
                                0x1aa (size before relaxing)
 .debug_str     0x00000399       0x71 metalqueue.o
                                 0xd1 (size before relaxing)
 .debug_str     0x0000040a       0x41 ringbuffer.o
                                0x17e (size before relaxing)
 .debug_str     0x0000044b       0xb4 SevenSegmentDisplay.o
                                0x174 (size before relaxing)
 .debug_str     0x000004ff       0xba stepper.o
                                0x192 (size before relaxing)
 .debug_str     0x000005b9       0x2f timer.o
                                 0xe9 (size before relaxing)

.debug_loc      0x00000000     0x1207
 *(.debug_loc)
 .debug_loc     0x00000000       0xf3 adc.o
 .debug_loc     0x000000f3      0x727 interrupts.o
 .debug_loc     0x0000081a      0x102 metalqueue.o
 .debug_loc     0x0000091c       0x76 ringbuffer.o
 .debug_loc     0x00000992      0x656 SevenSegmentDisplay.o
 .debug_loc     0x00000fe8      0x1d3 stepper.o
 .debug_loc     0x000011bb       0x4c timer.o

.debug_macinfo
 *(.debug_macinfo)
OUTPUT(ConveyerBelt.elf elf32-avr)
LOAD linker stubs

.debug_ranges   0x00000000       0x18
 .debug_ranges  0x00000000       0x18 ConveyerBelt.o
